Component: ARM Compiler 5.06 update 6 (build 750) Tool: armlink [4d35ed]

==============================================================================

Section Cross References

    main.o(.text) refers to stm32f0xx_rcc.o(.text) for RCC_AHBPeriphClockCmd
    main.o(.text) refers to stm32f0xx_gpio.o(.text) for GPIO_Init
    main.o(.text) refers to delay.o(.text) for delay_init
    main.o(.text) refers to usart1.o(.text) for USART1_Init
    main.o(.text) refers to printf5.o(i.__0printf$5) for __2printf
    main.o(.text) refers to adc.o(.text) for ADC_Config
    main.o(.text) refers to tim3.o(.text) for TIM_Config
    main.o(.text) refers to cs1237.o(.text) for Cs1237IO_Init
    main.o(.text) refers to oled.o(.text) for Lcd_Init
    main.o(.text) refers to ffltui.o(.text) for __aeabi_ui2f
    main.o(.text) refers to fdiv.o(.text) for __aeabi_fdiv
    main.o(.text) refers to fmul.o(.text) for __aeabi_fmul
    main.o(.text) refers to ffixui.o(.text) for __aeabi_f2uiz
    main.o(.text) refers to oled.o(.data) for POINT_COLOR
    main.o(.text) refers to tim3.o(.data) for PoweroffCount
    main.o(.text) refers to main.o(.constdata) for .constdata
    delay.o(.text) refers to stm32f0xx_misc.o(.text) for SysTick_CLKSourceConfig
    delay.o(.text) refers to uidiv.o(.text) for __aeabi_uidivmod
    delay.o(.text) refers to system_stm32f0xx.o(.data) for SystemCoreClock
    delay.o(.text) refers to delay.o(.data) for .data
    usart1.o(.text) refers to stm32f0xx_rcc.o(.text) for RCC_AHBPeriphClockCmd
    usart1.o(.text) refers to stm32f0xx_gpio.o(.text) for GPIO_PinAFConfig
    usart1.o(.text) refers to stm32f0xx_usart.o(.text) for USART_Init
    usart1.o(.text) refers to stm32f0xx_misc.o(.text) for NVIC_Init
    adc.o(.text) refers to stm32f0xx_rcc.o(.text) for RCC_AHBPeriphClockCmd
    adc.o(.text) refers to stm32f0xx_gpio.o(.text) for GPIO_Init
    adc.o(.text) refers to stm32f0xx_adc.o(.text) for ADC_DeInit
    adc.o(.text) refers to delay.o(.text) for delay_ms
    adc.o(.text) refers to uidiv.o(.text) for __aeabi_uidivmod
    tim3.o(.text) refers to stm32f0xx_rcc.o(.text) for RCC_APB1PeriphClockCmd
    tim3.o(.text) refers to stm32f0xx_misc.o(.text) for NVIC_Init
    tim3.o(.text) refers to uidiv.o(.text) for __aeabi_uidivmod
    tim3.o(.text) refers to stm32f0xx_tim.o(.text) for TIM_TimeBaseInit
    tim3.o(.text) refers to stm32f0xx_gpio.o(.text) for GPIO_WriteBit
    tim3.o(.text) refers to system_stm32f0xx.o(.data) for SystemCoreClock
    tim3.o(.text) refers to tim3.o(.data) for .data
    cs1237.o(.text) refers to stm32f0xx_gpio.o(.text) for GPIO_WriteBit
    cs1237.o(.text) refers to delay.o(.text) for delay_us
    cs1237.o(.text) refers to stm32f0xx_rcc.o(.text) for RCC_AHBPeriphClockCmd
    cs1237.o(.text) refers to printf5.o(i.__0printf$5) for __2printf
    cs1237.o(.text) refers to ffltui.o(.text) for __aeabi_ui2f
    cs1237.o(.text) refers to f2d.o(.text) for __aeabi_f2d
    cs1237.o(.text) refers to dmul.o(.text) for __aeabi_dmul
    cs1237.o(.text) refers to cdcmple.o(.text) for __aeabi_cdcmple
    cs1237.o(.text) refers to cdrcmple.o(.text) for __aeabi_cdrcmple
    cs1237.o(.text) refers to dadd.o(.text) for __aeabi_dadd
    cs1237.o(.text) refers to d2f.o(.text) for __aeabi_d2f
    cs1237.o(.text) refers to ffixui.o(.text) for __aeabi_f2uiz
    cs1237.o(.text) refers to cs1237.o(.data) for .data
    w25qxx.o(.text) refers to stm32f0xx_gpio.o(.text) for GPIO_WriteBit
    w25qxx.o(.text) refers to spi.o(.text) for SPI1_ReadWriteByte
    w25qxx.o(.text) refers to stm32f0xx_rcc.o(.text) for RCC_AHBPeriphClockCmd
    w25qxx.o(.text) refers to printf5.o(i.__0printf$5) for __2printf
    w25qxx.o(.text) refers to delay.o(.text) for delay_us
    w25qxx.o(.text) refers to w25qxx.o(.data) for .data
    w25qxx.o(.text) refers to w25qxx.o(.bss) for .bss
    spi.o(.text) refers to stm32f0xx_spi.o(.text) for SPI_I2S_GetFlagStatus
    spi.o(.text) refers to stm32f0xx_rcc.o(.text) for RCC_AHBPeriphClockCmd
    spi.o(.text) refers to stm32f0xx_gpio.o(.text) for GPIO_Init
    oled.o(.text) refers to stm32f0xx_gpio.o(.text) for GPIO_WriteBit
    oled.o(.text) refers to delay.o(.text) for delay_ms
    oled.o(.text) refers to stm32f0xx_rcc.o(.text) for RCC_AHBPeriphClockCmd
    oled.o(.text) refers to oled.o(.data) for .data
    oled.o(.text) refers to oled.o(.constdata) for .constdata
    oled.o(.text) refers to uidiv.o(.text) for __aeabi_uidivmod
    stm32f0xx_adc.o(.text) refers to stm32f0xx_rcc.o(.text) for RCC_APB2PeriphResetCmd
    stm32f0xx_gpio.o(.text) refers to stm32f0xx_rcc.o(.text) for RCC_AHBPeriphResetCmd
    stm32f0xx_rcc.o(.text) refers to uidiv.o(.text) for __aeabi_uidivmod
    stm32f0xx_rcc.o(.text) refers to stm32f0xx_rcc.o(.data) for .data
    stm32f0xx_usart.o(.text) refers to stm32f0xx_rcc.o(.text) for RCC_APB2PeriphResetCmd
    stm32f0xx_usart.o(.text) refers to uidiv.o(.text) for __aeabi_uidivmod
    stm32f0xx_tim.o(.text) refers to stm32f0xx_rcc.o(.text) for RCC_APB1PeriphResetCmd
[...]
    printf0.o(i.__0printf$0) refers to usart1.o(.text) for fputc
    printf0.o(i.__0printf$0) refers to usart1.o(.data) for __stdout
    printf0.o(i.__0snprintf$0) refers to printf0.o(i._printf_core) for _printf_core
    printf0.o(i.__0snprintf$0) refers to printf0.o(i._snputc) for _snputc
    printf0.o(i.__0sprintf$0) refers to printf0.o(i._printf_core) for _printf_core
    printf0.o(i.__0sprintf$0) refers to printf0.o(i._sputc) for _sputc
    printf0.o(i.__0vfprintf$0) refers to printf0.o(i._printf_core) for _printf_core
    printf0.o(i.__0vfprintf$0) refers to usart1.o(.text) for fputc
    printf0.o(i.__0vprintf$0) refers to printf0.o(i._printf_core) for _printf_core
    printf0.o(i.__0vprintf$0) refers to usart1.o(.text) for fputc
    printf0.o(i.__0vprintf$0) refers to usart1.o(.data) for __stdout
    printf0.o(i.__0vsnprintf$0) refers to printf0.o(i._printf_core) for _printf_core
    printf0.o(i.__0vsnprintf$0) refers to printf0.o(i._snputc) for _snputc
    printf0.o(i.__0vsprintf$0) refers to printf0.o(i._printf_core) for _printf_core
    printf0.o(i.__0vsprintf$0) refers to printf0.o(i._sputc) for _sputc
    printf1.o(i.__0fprintf$1) refers to printf1.o(i._printf_core) for _printf_core
    printf1.o(i.__0fprintf$1) refers to usart1.o(.text) for fputc
    printf1.o(i.__0printf$1) refers to printf1.o(i._printf_core) for _printf_core
    printf1.o(i.__0printf$1) refers to usart1.o(.text) for fputc
    printf1.o(i.__0printf$1) refers to usart1.o(.data) for __stdout
    printf1.o(i.__0snprintf$1) refers to printf1.o(i._printf_core) for _printf_core
    printf1.o(i.__0snprintf$1) refers to printf1.o(i._snputc) for _snputc
    printf1.o(i.__0sprintf$1) refers to printf1.o(i._printf_core) for _printf_core
    printf1.o(i.__0sprintf$1) refers to printf1.o(i._sputc) for _sputc
    printf1.o(i.__0vfprintf$1) refers to printf1.o(i._printf_core) for _printf_core
    printf1.o(i.__0vfprintf$1) refers to usart1.o(.text) for fputc
    printf1.o(i.__0vprintf$1) refers to printf1.o(i._printf_core) for _printf_core
    printf1.o(i.__0vprintf$1) refers to usart1.o(.text) for fputc
    printf1.o(i.__0vprintf$1) refers to usart1.o(.data) for __stdout
    printf1.o(i.__0vsnprintf$1) refers to printf1.o(i._printf_core) for _printf_core
    printf1.o(i.__0vsnprintf$1) refers to printf1.o(i._snputc) for _snputc
    printf1.o(i.__0vsprintf$1) refers to printf1.o(i._printf_core) for _printf_core
    printf1.o(i.__0vsprintf$1) refers to printf1.o(i._sputc) for _sputc
    printf1.o(i._printf_core) refers to uidiv.o(.text) for __aeabi_uidivmod
    printf2.o(i.__0fprintf$2) refers to printf2.o(i._printf_core) for _printf_core
    printf2.o(i.__0fprintf$2) refers to usart1.o(.text) for fputc
    printf2.o(i.__0printf$2) refers to printf2.o(i._printf_core) for _printf_core
    printf2.o(i.__0printf$2) refers to usart1.o(.text) for fputc
    printf2.o(i.__0printf$2) refers to usart1.o(.data) for __stdout
    printf2.o(i.__0snprintf$2) refers to printf2.o(i._printf_core) for _printf_core
    printf2.o(i.__0snprintf$2) refers to printf2.o(i._snputc) for _snputc
    printf2.o(i.__0sprintf$2) refers to printf2.o(i._printf_core) for _printf_core
    printf2.o(i.__0sprintf$2) refers to printf2.o(i._sputc) for _sputc
    printf2.o(i.__0vfprintf$2) refers to printf2.o(i._printf_core) for _printf_core
    printf2.o(i.__0vfprintf$2) refers to usart1.o(.text) for fputc
    printf2.o(i.__0vprintf$2) refers to printf2.o(i._printf_core) for _printf_core
    printf2.o(i.__0vprintf$2) refers to usart1.o(.text) for fputc
    printf2.o(i.__0vprintf$2) refers to usart1.o(.data) for __stdout
    printf2.o(i.__0vsnprintf$2) refers to printf2.o(i._printf_core) for _printf_core
    printf2.o(i.__0vsnprintf$2) refers to printf2.o(i._snputc) for _snputc
    printf2.o(i.__0vsprintf$2) refers to printf2.o(i._printf_core) for _printf_core
    printf2.o(i.__0vsprintf$2) refers to printf2.o(i._sputc) for _sputc
    printf3.o(i.__0fprintf$3) refers to printf3.o(i._printf_core) for _printf_core
    printf3.o(i.__0fprintf$3) refers to usart1.o(.text) for fputc
    printf3.o(i.__0printf$3) refers to printf3.o(i._printf_core) for _printf_core
    printf3.o(i.__0printf$3) refers to usart1.o(.text) for fputc
    printf3.o(i.__0printf$3) refers to usart1.o(.data) for __stdout
    printf3.o(i.__0snprintf$3) refers to printf3.o(i._printf_core) for _printf_core
    printf3.o(i.__0snprintf$3) refers to printf3.o(i._snputc) for _snputc
    printf3.o(i.__0sprintf$3) refers to printf3.o(i._printf_core) for _printf_core
    printf3.o(i.__0sprintf$3) refers to printf3.o(i._sputc) for _sputc
    printf3.o(i.__0vfprintf$3) refers to printf3.o(i._printf_core) for _printf_core
    printf3.o(i.__0vfprintf$3) refers to usart1.o(.text) for fputc
    printf3.o(i.__0vprintf$3) refers to printf3.o(i._printf_core) for _printf_core
    printf3.o(i.__0vprintf$3) refers to usart1.o(.text) for fputc
    printf3.o(i.__0vprintf$3) refers to usart1.o(.data) for __stdout
    printf3.o(i.__0vsnprintf$3) refers to printf3.o(i._printf_core) for _printf_core
    printf3.o(i.__0vsnprintf$3) refers to printf3.o(i._snputc) for _snputc
    printf3.o(i.__0vsprintf$3) refers to printf3.o(i._printf_core) for _printf_core
    printf3.o(i.__0vsprintf$3) refers to printf3.o(i._sputc) for _sputc
    printf3.o(i._printf_core) refers to uidiv.o(.text) for __aeabi_uidivmod
    printf4.o(i.__0fprintf$4) refers to printf4.o(i._printf_core) for _printf_core
    printf4.o(i.__0fprintf$4) refers to usart1.o(.text) for fputc
    printf4.o(i.__0printf$4) refers to printf4.o(i._printf_core) for _printf_core
    printf4.o(i.__0printf$4) refers to usart1.o(.text) for fputc
    printf4.o(i.__0printf$4) refers to usart1.o(.data) for __stdout
    printf4.o(i.__0snprintf$4) refers to printf4.o(i._printf_core) for _printf_core
    printf4.o(i.__0snprintf$4) refers to printf4.o(i._snputc) for _snputc
    printf4.o(i.__0sprintf$4) refers to printf4.o(i._printf_core) for _printf_core
    printf4.o(i.__0sprintf$4) refers to printf4.o(i._sputc) for _sputc
    printf4.o(i.__0vfprintf$4) refers to printf4.o(i._printf_core) for _printf_core
    printf4.o(i.__0vfprintf$4) refers to usart1.o(.text) for fputc
    printf4.o(i.__0vprintf$4) refers to printf4.o(i._printf_core) for _printf_core
    printf4.o(i.__0vprintf$4) refers to usart1.o(.text) for fputc
    printf4.o(i.__0vprintf$4) refers to usart1.o(.data) for __stdout
    printf4.o(i.__0vsnprintf$4) refers to printf4.o(i._printf_core) for _printf_core
    printf4.o(i.__0vsnprintf$4) refers to printf4.o(i._snputc) for _snputc
    printf4.o(i.__0vsprintf$4) refers to printf4.o(i._printf_core) for _printf_core
    printf4.o(i.__0vsprintf$4) refers to printf4.o(i._sputc) for _sputc
    printf4.o(i._printf_core) refers to uldiv.o(.text) for __aeabi_uldivmod
    printf5.o(i.__0fprintf$5) refers to printf5.o(i._printf_core) for _printf_core
    printf5.o(i.__0fprintf$5) refers to usart1.o(.text) for fputc
    printf5.o(i.__0printf$5) refers to printf5.o(i._printf_core) for _printf_core
    printf5.o(i.__0printf$5) refers to usart1.o(.text) for fputc
    printf5.o(i.__0printf$5) refers to usart1.o(.data) for __stdout
    printf5.o(i.__0snprintf$5) refers to printf5.o(i._printf_core) for _printf_core
    printf5.o(i.__0snprintf$5) refers to printf5.o(i._snputc) for _snputc
    printf5.o(i.__0sprintf$5) refers to printf5.o(i._printf_core) for _printf_core
    printf5.o(i.__0sprintf$5) refers to printf5.o(i._sputc) for _sputc
    printf5.o(i.__0vfprintf$5) refers to printf5.o(i._printf_core) for _printf_core
    printf5.o(i.__0vfprintf$5) refers to usart1.o(.text) for fputc
    printf5.o(i.__0vprintf$5) refers to printf5.o(i._printf_core) for _printf_core
    printf5.o(i.__0vprintf$5) refers to usart1.o(.text) for fputc
    printf5.o(i.__0vprintf$5) refers to usart1.o(.data) for __stdout
    printf5.o(i.__0vsnprintf$5) refers to printf5.o(i._printf_core) for _printf_core
    printf5.o(i.__0vsnprintf$5) refers to printf5.o(i._snputc) for _snputc
    printf5.o(i.__0vsprintf$5) refers to printf5.o(i._printf_core) for _printf_core
    printf5.o(i.__0vsprintf$5) refers to printf5.o(i._sputc) for _sputc
    printf5.o(i._printf_core) refers to uldiv.o(.text) for __aeabi_uldivmod
    printf6.o(i.__0fprintf$6) refers to printf6.o(i._printf_core) for _printf_core
    printf6.o(i.__0fprintf$6) refers to usart1.o(.text) for fputc
    printf6.o(i.__0printf$6) refers to printf6.o(i._printf_core) for _printf_core
    printf6.o(i.__0printf$6) refers to usart1.o(.text) for fputc
    printf6.o(i.__0printf$6) refers to usart1.o(.data) for __stdout
    printf6.o(i.__0snprintf$6) refers to printf6.o(i._printf_core) for _printf_core
    printf6.o(i.__0snprintf$6) refers to printf6.o(i._snputc) for _snputc
    printf6.o(i.__0sprintf$6) refers to printf6.o(i._printf_core) for _printf_core
    printf6.o(i.__0sprintf$6) refers to printf6.o(i._sputc) for _sputc
    printf6.o(i.__0vfprintf$6) refers to printf6.o(i._printf_core) for _printf_core
    printf6.o(i.__0vfprintf$6) refers to usart1.o(.text) for fputc
    printf6.o(i.__0vprintf$6) refers to printf6.o(i._printf_core) for _printf_core
    printf6.o(i.__0vprintf$6) refers to usart1.o(.text) for fputc
    printf6.o(i.__0vprintf$6) refers to usart1.o(.data) for __stdout
    printf6.o(i.__0vsnprintf$6) refers to printf6.o(i._printf_core) for _printf_core
    printf6.o(i.__0vsnprintf$6) refers to printf6.o(i._snputc) for _snputc
    printf6.o(i.__0vsprintf$6) refers to printf6.o(i._printf_core) for _printf_core
    printf6.o(i.__0vsprintf$6) refers to printf6.o(i._sputc) for _sputc
    printf6.o(i._printf_core) refers to printf6.o(i._printf_pre_padding) for _printf_pre_padding
    printf6.o(i._printf_core) refers to printf6.o(i._printf_post_padding) for _printf_post_padding
    printf6.o(i._printf_core) refers to uidiv.o(.text) for __aeabi_uidivmod
    printf7.o(i.__0fprintf$7) refers to printf7.o(i._printf_core) for _printf_core
    printf7.o(i.__0fprintf$7) refers to usart1.o(.text) for fputc
    printf7.o(i.__0printf$7) refers to printf7.o(i._printf_core) for _printf_core
    printf7.o(i.__0printf$7) refers to usart1.o(.text) for fputc
    printf7.o(i.__0printf$7) refers to usart1.o(.data) for __stdout
    printf7.o(i.__0snprintf$7) refers to printf7.o(i._printf_core) for _printf_core
    printf7.o(i.__0snprintf$7) refers to printf7.o(i._snputc) for _snputc
    printf7.o(i.__0sprintf$7) refers to printf7.o(i._printf_core) for _printf_core
    printf7.o(i.__0sprintf$7) refers to printf7.o(i._sputc) for _sputc
    printf7.o(i.__0vfprintf$7) refers to printf7.o(i._printf_core) for _printf_core
    printf7.o(i.__0vfprintf$7) refers to usart1.o(.text) for fputc
    printf7.o(i.__0vprintf$7) refers to printf7.o(i._printf_core) for _printf_core
    printf7.o(i.__0vprintf$7) refers to usart1.o(.text) for fputc
    printf7.o(i.__0vprintf$7) refers to usart1.o(.data) for __stdout
    printf7.o(i.__0vsnprintf$7) refers to printf7.o(i._printf_core) for _printf_core
    printf7.o(i.__0vsnprintf$7) refers to printf7.o(i._snputc) for _snputc
    printf7.o(i.__0vsprintf$7) refers to printf7.o(i._printf_core) for _printf_core
    printf7.o(i.__0vsprintf$7) refers to printf7.o(i._sputc) for _sputc
    printf7.o(i._printf_core) refers to printf7.o(i._printf_pre_padding) for _printf_pre_padding
    printf7.o(i._printf_core) refers to printf7.o(i._printf_post_padding) for _printf_post_padding
    printf7.o(i._printf_core) refers to uldiv.o(.text) for __aeabi_uldivmod
    printf8.o(i.__0fprintf$8) refers to printf8.o(i._printf_core) for _printf_core
    printf8.o(i.__0fprintf$8) refers to usart1.o(.text) for fputc
    printf8.o(i.__0printf$8) refers to printf8.o(i._printf_core) for _printf_core
    printf8.o(i.__0printf$8) refers to usart1.o(.text) for fputc
    printf8.o(i.__0printf$8) refers to usart1.o(.data) for __stdout
    printf8.o(i.__0snprintf$8) refers to printf8.o(i._printf_core) for _printf_core
    printf8.o(i.__0snprintf$8) refers to printf8.o(i._snputc) for _snputc
    printf8.o(i.__0sprintf$8) refers to printf8.o(i._printf_core) for _printf_core
    printf8.o(i.__0sprintf$8) refers to printf8.o(i._sputc) for _sputc
    printf8.o(i.__0vfprintf$8) refers to printf8.o(i._printf_core) for _printf_core
    printf8.o(i.__0vfprintf$8) refers to usart1.o(.text) for fputc
    printf8.o(i.__0vprintf$8) refers to printf8.o(i._printf_core) for _printf_core
    printf8.o(i.__0vprintf$8) refers to usart1.o(.text) for fputc
    printf8.o(i.__0vprintf$8) refers to usart1.o(.data) for __stdout
    printf8.o(i.__0vsnprintf$8) refers to printf8.o(i._printf_core) for _printf_core
    printf8.o(i.__0vsnprintf$8) refers to printf8.o(i._snputc) for _snputc
    printf8.o(i.__0vsprintf$8) refers to printf8.o(i._printf_core) for _printf_core
    printf8.o(i.__0vsprintf$8) refers to printf8.o(i._sputc) for _sputc
    printf8.o(i._printf_core) refers to printf8.o(i._printf_pre_padding) for _printf_pre_padding
    printf8.o(i._printf_core) refers to printf8.o(i._printf_post_padding) for _printf_post_padding
    printf8.o(i._printf_core) refers to uldiv.o(.text) for __aeabi_uldivmod
    printfa.o(i.__0fprintf) refers (Special) to iusefp.o(.text) for __I$use$fp
    printfa.o(i.__0fprintf) refers to printfa.o(i._printf_core) for _printf_core
    printfa.o(i.__0fprintf) refers to usart1.o(.text) for fputc
    printfa.o(i.__0printf) refers (Special) to iusefp.o(.text) for __I$use$fp
    printfa.o(i.__0printf) refers to printfa.o(i._printf_core) for _printf_core
    printfa.o(i.__0printf) refers to usart1.o(.text) for fputc
    printfa.o(i.__0printf) refers to usart1.o(.data) for __stdout
    printfa.o(i.__0snprintf) refers (Special) to iusefp.o(.text) for __I$use$fp
    printfa.o(i.__0snprintf) refers to printfa.o(i._printf_core) for _printf_core
    printfa.o(i.__0snprintf) refers to printfa.o(i._snputc) for _snputc
    printfa.o(i.__0sprintf) refers (Special) to iusefp.o(.text) for __I$use$fp
    printfa.o(i.__0sprintf) refers to printfa.o(i._printf_core) for _printf_core
    printfa.o(i.__0sprintf) refers to printfa.o(i._sputc) for _sputc
    printfa.o(i.__0vfprintf) refers (Special) to iusefp.o(.text) for __I$use$fp
    printfa.o(i.__0vfprintf) refers to printfa.o(i._printf_core) for _printf_core
    printfa.o(i.__0vfprintf) refers to usart1.o(.text) for fputc
    printfa.o(i.__0vprintf) refers (Special) to iusefp.o(.text) for __I$use$fp
    printfa.o(i.__0vprintf) refers to printfa.o(i._printf_core) for _printf_core
    printfa.o(i.__0vprintf) refers to usart1.o(.text) for fputc
    printfa.o(i.__0vprintf) refers to usart1.o(.data) for __stdout
    printfa.o(i.__0vsnprintf) refers (Special) to iusefp.o(.text) for __I$use$fp
    printfa.o(i.__0vsnprintf) refers to printfa.o(i._printf_core) for _printf_core
    printfa.o(i.__0vsnprintf) refers to printfa.o(i._snputc) for _snputc
    printfa.o(i.__0vsprintf) refers (Special) to iusefp.o(.text) for __I$use$fp
    printfa.o(i.__0vsprintf) refers to printfa.o(i._printf_core) for _printf_core
    printfa.o(i.__0vsprintf) refers to printfa.o(i._sputc) for _sputc
    printfa.o(i._fp_digits) refers (Special) to iusefp.o(.text) for __I$use$fp
    printfa.o(i._fp_digits) refers to dmul.o(.text) for __aeabi_dmul
    printfa.o(i._fp_digits) refers to ddiv.o(.text) for __aeabi_ddiv
    printfa.o(i._fp_digits) refers to cdrcmple.o(.text) for __aeabi_cdrcmple
    printfa.o(i._fp_digits) refers to dadd.o(.text) for __aeabi_dadd
    printfa.o(i._fp_digits) refers to dfixul.o(.text) for __aeabi_d2ulz
    printfa.o(i._fp_digits) refers to uldiv.o(.text) for __aeabi_uldivmod
    printfa.o(i._printf_core) refers (Special) to iusefp.o(.text) for __I$use$fp
    printfa.o(i._printf_core) refers to printfa.o(i._printf_pre_padding) for _printf_pre_padding
    printfa.o(i._printf_core) refers to uldiv.o(.text) for __aeabi_uldivmod
    printfa.o(i._printf_core) refers to printfa.o(i._printf_post_padding) for _printf_post_padding
    printfa.o(i._printf_core) refers to printfa.o(i._fp_digits) for _fp_digits
    printfa.o(i._printf_core) refers to uidiv.o(.text) for __aeabi_uidivmod
    printfa.o(i._printf_post_padding) refers (Special) to iusefp.o(.text) for __I$use$fp
    printfa.o(i._printf_pre_padding) refers (Special) to iusefp.o(.text) for __I$use$fp
    printfa.o(i._snputc) refers (Special) to iusefp.o(.text) for __I$use$fp
    printfa.o(i._sputc) refers (Special) to iusefp.o(.text) for __I$use$fp
    fmul.o(.text) refers (Special) to iusefp.o(.text) for __I$use$fp
    fdiv.o(.text) refers (Special) to iusefp.o(.text) for __I$use$fp
    fdiv.o(.text) refers to fepilogue.o(.text) for _float_round
    dadd.o(.text) refers (Special) to iusefp.o(.text) for __I$use$fp
    dadd.o(.text) refers to llshl.o(.text) for __aeabi_llsl
    dadd.o(.text) refers to llsshr.o(.text) for __aeabi_lasr
    dadd.o(.text) refers to depilogue.o(.text) for _double_epilogue
    dmul.o(.text) refers (Special) to iusefp.o(.text) for __I$use$fp
    dmul.o(.text) refers to depilogue.o(.text) for _double_epilogue
    ffltui.o(.text) refers (Special) to iusefp.o(.text) for __I$use$fp
    ffltui.o(.text) refers to fepilogue.o(.text) for _float_epilogue
    ffixui.o(.text) refers (Special) to iusefp.o(.text) for __I$use$fp
    f2d.o(.text) refers (Special) to iusefp.o(.text) for __I$use$fp
    cdcmple.o(.text) refers (Special) to iusefp.o(.text) for __I$use$fp
    cdrcmple.o(.text) refers (Special) to iusefp.o(.text) for __I$use$fp
    d2f.o(.text) refers (Special) to iusefp.o(.text) for __I$use$fp
    d2f.o(.text) refers to fepilogue.o(.text) for _float_round
    entry2.o(.ARM.Collect$$$$00000001) refers to entry2.o(.ARM.Collect$$$$00002712) for __lit__00000000
    entry2.o(.ARM.Collect$$$$00002712) refers to startup_stm32f030.o(STACK) for __initial_sp
    entry2.o(__vectab_stack_and_reset_area) refers to startup_stm32f030.o(STACK) for __initial_sp
    entry2.o(__vectab_stack_and_reset_area) refers to entry.o(.ARM.Collect$$$$00000000) for __main
    entry5.o(.ARM.Collect$$$$00000004) refers to init.o(.text) for __scatterload
    entry9a.o(.ARM.Collect$$$$0000000B) refers to main.o(.text) for main
    entry9b.o(.ARM.Collect$$$$0000000C) refers to main.o(.text) for main
    uldiv.o(.text) refers to llushr.o(.text) for __aeabi_llsr
    uldiv.o(.text) refers to llshl.o(.text) for __aeabi_llsl
    depilogue.o(.text) refers to depilogue.o(i.__ARM_clz) for __ARM_clz
    depilogue.o(.text) refers to llshl.o(.text) for __aeabi_llsl
    depilogue.o(.text) refers to llushr.o(.text) for __aeabi_llsr
    ddiv.o(.text) refers to depilogue.o(.text) for _double_round
    dfixul.o(.text) refers to llushr.o(.text) for __aeabi_llsr
    dfixul.o(.text) refers to llshl.o(.text) for __aeabi_llsl
    init.o(.text) refers to entry5.o(.ARM.Collect$$$$00000004) for __main_after_scatterload


==============================================================================

Removing Unused input sections from the image.

    Removing main.o(.rev16_text), (4 bytes).
    Removing main.o(.revsh_text), (4 bytes).
    Removing main.o(.data), (12 bytes).
    Removing stm32f0xx_it.o(.rev16_text), (4 bytes).
    Removing stm32f0xx_it.o(.revsh_text), (4 bytes).
    Removing delay.o(.rev16_text), (4 bytes).
    Removing delay.o(.revsh_text), (4 bytes).
    Removing sys.o(.rev16_text), (4 bytes).
    Removing sys.o(.revsh_text), (4 bytes).
    Removing sys.o(.emb_text), (6 bytes).
    Removing sys.o(.text), (12 bytes).
    Removing usart1.o(.rev16_text), (4 bytes).
    Removing usart1.o(.revsh_text), (4 bytes).
    Removing adc.o(.rev16_text), (4 bytes).
    Removing adc.o(.revsh_text), (4 bytes).
    Removing tim3.o(.rev16_text), (4 bytes).
    Removing tim3.o(.revsh_text), (4 bytes).
    Removing tim3.o(.data), (2 bytes).
    Removing tim3.o(.data), (2 bytes).
    Removing tim3.o(.data), (2 bytes).
    Removing tim3.o(.data), (2 bytes).
    Removing cs1237.o(.rev16_text), (4 bytes).
    Removing cs1237.o(.revsh_text), (4 bytes).
    Removing w25qxx.o(.rev16_text), (4 bytes).
    Removing w25qxx.o(.revsh_text), (4 bytes).
    Removing w25qxx.o(.text), (940 bytes).
    Removing w25qxx.o(.bss), (4096 bytes).
    Removing w25qxx.o(.data), (2 bytes).
    Removing spi.o(.rev16_text), (4 bytes).
    Removing spi.o(.revsh_text), (4 bytes).
    Removing spi.o(.text), (228 bytes).
    Removing fonts.o(.constdata), (1140 bytes).
    Removing fonts.o(.constdata), (1520 bytes).
    Removing fonts.o(.constdata), (352 bytes).
    Removing fonts.o(.constdata), (704 bytes).
    Removing fonts.o(.constdata), (96 bytes).
    Removing fonts.o(.constdata), (16 bytes).
    Removing fonts.o(.constdata), (16 bytes).
    Removing fonts.o(.constdata), (16 bytes).
    Removing fonts.o(.constdata), (8 bytes).
    Removing fonts.o(.constdata), (8 bytes).
    Removing fonts.o(.constdata), (8 bytes).
    Removing oled.o(.rev16_text), (4 bytes).
    Removing oled.o(.revsh_text), (4 bytes).
    Removing oled.o(.constdata), (2408 bytes).
    Removing oled.o(.data), (448 bytes).
    Removing oled.o(.data), (4 bytes).
    Removing oled.o(.data), (4 bytes).
    Removing oled.o(.data), (4 bytes).
    Removing oled.o(.data), (4 bytes).
    Removing stm32f0xx_adc.o(.rev16_text), (4 bytes).
    Removing stm32f0xx_adc.o(.revsh_text), (4 bytes).
    Removing stm32f0xx_gpio.o(.rev16_text), (4 bytes).
    Removing stm32f0xx_gpio.o(.revsh_text), (4 bytes).
    Removing stm32f0xx_rcc.o(.rev16_text), (4 bytes).
    Removing stm32f0xx_rcc.o(.revsh_text), (4 bytes).
    Removing stm32f0xx_usart.o(.rev16_text), (4 bytes).
    Removing stm32f0xx_usart.o(.revsh_text), (4 bytes).
    Removing stm32f0xx_misc.o(.rev16_text), (4 bytes).
    Removing stm32f0xx_misc.o(.revsh_text), (4 bytes).
    Removing stm32f0xx_dma.o(.rev16_text), (4 bytes).
    Removing stm32f0xx_dma.o(.revsh_text), (4 bytes).
    Removing stm32f0xx_dma.o(.text), (444 bytes).
    Removing stm32f0xx_tim.o(.rev16_text), (4 bytes).
    Removing stm32f0xx_tim.o(.revsh_text), (4 bytes).
    Removing stm32f0xx_spi.o(.rev16_text), (4 bytes).
    Removing stm32f0xx_spi.o(.revsh_text), (4 bytes).
    Removing stm32f0xx_spi.o(.text), (756 bytes).
    Removing system_stm32f0xx.o(.rev16_text), (4 bytes).
    Removing system_stm32f0xx.o(.revsh_text), (4 bytes).
    Removing startup_stm32f030.o(HEAP), (512 bytes).
    Removing ddiv.o(.text), (240 bytes).
    Removing dfixul.o(.text), (64 bytes).

73 unused section(s) (total 14236 bytes) removed from the image.

==============================================================================

Image Symbol Table

    Local Symbols

    Symbol Name                              Value     Ov Type        Size  Object(Section)

    ../clib/../cmprslib/zerorunl2.c          0x00000000   Number         0  __dczerorl2.o ABSOLUTE
    ../clib/microlib/division.c              0x00000000   Number         0  uidiv.o ABSOLUTE
    ../clib/microlib/division.c              0x00000000   Number         0  uldiv.o ABSOLUTE
    ../clib/microlib/init/entry.s            0x00000000   Number         0  entry7b.o ABSOLUTE
    ../clib/microlib/init/entry.s            0x00000000   Number         0  entry10a.o ABSOLUTE
    ../clib/microlib/init/entry.s            0x00000000   Number         0  entry9b.o ABSOLUTE
    ../clib/microlib/init/entry.s            0x00000000   Number         0  entry.o ABSOLUTE
    ../clib/microlib/init/entry.s            0x00000000   Number         0  entry2.o ABSOLUTE
    ../clib/microlib/init/entry.s            0x00000000   Number         0  entry9a.o ABSOLUTE
    ../clib/microlib/init/entry.s            0x00000000   Number         0  entry8b.o ABSOLUTE
    ../clib/microlib/init/entry.s            0x00000000   Number         0  entry8a.o ABSOLUTE
    ../clib/microlib/init/entry.s            0x00000000   Number         0  entry11b.o ABSOLUTE
    ../clib/microlib/init/entry.s            0x00000000   Number         0  entry7a.o ABSOLUTE
    ../clib/microlib/init/entry.s            0x00000000   Number         0  entry11a.o ABSOLUTE
    ../clib/microlib/init/entry.s            0x00000000   Number         0  entry10b.o ABSOLUTE
    ../clib/microlib/init/entry.s            0x00000000   Number         0  entry5.o ABSOLUTE
    ../clib/microlib/longlong.c              0x00000000   Number         0  llshl.o ABSOLUTE
    ../clib/microlib/longlong.c              0x00000000   Number         0  llushr.o ABSOLUTE
    ../clib/microlib/longlong.c              0x00000000   Number         0  llsshr.o ABSOLUTE
    ../clib/microlib/printf/printf.c         0x00000000   Number         0  printf0.o ABSOLUTE
    ../clib/microlib/printf/printf.c         0x00000000   Number         0  printfa.o ABSOLUTE
    ../clib/microlib/printf/printf.c         0x00000000   Number         0  printf3.o ABSOLUTE
    ../clib/microlib/printf/printf.c         0x00000000   Number         0  printfb.o ABSOLUTE
    ../clib/microlib/printf/printf.c         0x00000000   Number         0  printf1.o ABSOLUTE
    ../clib/microlib/printf/printf.c         0x00000000   Number         0  printf2.o ABSOLUTE
    ../clib/microlib/printf/printf.c         0x00000000   Number         0  printf8.o ABSOLUTE
    ../clib/microlib/printf/printf.c         0x00000000   Number         0  printf4.o ABSOLUTE
    ../clib/microlib/printf/printf.c         0x00000000   Number         0  printf5.o ABSOLUTE
    ../clib/microlib/printf/printf.c         0x00000000   Number         0  printf6.o ABSOLUTE
    ../clib/microlib/printf/printf.c         0x00000000   Number         0  printf7.o ABSOLUTE
    ../clib/microlib/printf/stubs.s          0x00000000   Number         0  stubs.o ABSOLUTE
    ../clib/microlib/stubs.s                 0x00000000   Number         0  iusefp.o ABSOLUTE
    ../clib/microlib/stubs.s                 0x00000000   Number         0  useno.o ABSOLUTE
    ../fplib/microlib/d2f.c                  0x00000000   Number         0  d2f.o ABSOLUTE
    ../fplib/microlib/f2d.c                  0x00000000   Number         0  f2d.o ABSOLUTE
    ../fplib/microlib/fpadd.c                0x00000000   Number         0  dadd.o ABSOLUTE
    ../fplib/microlib/fpdiv.c                0x00000000   Number         0  fdiv.o ABSOLUTE
    ../fplib/microlib/fpdiv.c                0x00000000   Number         0  ddiv.o ABSOLUTE
    ../fplib/microlib/fpepilogue.c           0x00000000   Number         0  depilogue.o ABSOLUTE
    ../fplib/microlib/fpepilogue.c           0x00000000   Number         0  fepilogue.o ABSOLUTE
    ../fplib/microlib/fpfix.c                0x00000000   Number         0  ffixui.o ABSOLUTE
    ../fplib/microlib/fpfix.c                0x00000000   Number         0  dfixul.o ABSOLUTE
    ../fplib/microlib/fpflt.c                0x00000000   Number         0  ffltui.o ABSOLUTE
    ../fplib/microlib/fpmul.c                0x00000000   Number         0  dmul.o ABSOLUTE
    ../fplib/microlib/fpmul.c                0x00000000   Number         0  fmul.o ABSOLUTE
    ..\Libraries\CMSIS\Device\Source\arm\startup_stm32f030.s 0x00000000   Number         0  startup_stm32f030.o ABSOLUTE
    ..\Libraries\CMSIS\Device\Source\system_stm32f0xx.c 0x00000000   Number         0  system_stm32f0xx.o ABSOLUTE
    ..\Libraries\STM32F0xx_StdPeriph_Driver\src\stm32f0xx_adc.c 0x00000000   Number         0  stm32f0xx_adc.o ABSOLUTE
    ..\Libraries\STM32F0xx_StdPeriph_Driver\src\stm32f0xx_dma.c 0x00000000   Number         0  stm32f0xx_dma.o ABSOLUTE
    ..\Libraries\STM32F0xx_StdPeriph_Driver\src\stm32f0xx_gpio.c 0x00000000   Number         0  stm32f0xx_gpio.o ABSOLUTE
    ..\Libraries\STM32F0xx_StdPeriph_Driver\src\stm32f0xx_misc.c 0x00000000   Number         0  stm32f0xx_misc.o ABSOLUTE
    ..\Libraries\STM32F0xx_StdPeriph_Driver\src\stm32f0xx_rcc.c 0x00000000   Number         0  stm32f0xx_rcc.o ABSOLUTE
    ..\Libraries\STM32F0xx_StdPeriph_Driver\src\stm32f0xx_spi.c 0x00000000   Number         0  stm32f0xx_spi.o ABSOLUTE
    ..\Libraries\STM32F0xx_StdPeriph_Driver\src\stm32f0xx_tim.c 0x00000000   Number         0  stm32f0xx_tim.o ABSOLUTE
    ..\Libraries\STM32F0xx_StdPeriph_Driver\src\stm32f0xx_usart.c 0x00000000   Number         0  stm32f0xx_usart.o ABSOLUTE
    ..\User\Fonts.c                          0x00000000   Number         0  fonts.o ABSOLUTE
    ..\User\adc.c                            0x00000000   Number         0  adc.o ABSOLUTE
    ..\User\cs1237.c                         0x00000000   Number         0  cs1237.o ABSOLUTE
    ..\User\delay.c                          0x00000000   Number         0  delay.o ABSOLUTE
    ..\User\main.c                           0x00000000   Number         0  main.o ABSOLUTE
    ..\User\oled.c                           0x00000000   Number         0  oled.o ABSOLUTE
    ..\User\spi.c                            0x00000000   Number         0  spi.o ABSOLUTE
    ..\User\stm32f0xx_it.c                   0x00000000   Number         0  stm32f0xx_it.o ABSOLUTE
    ..\User\sys.c                            0x00000000   Number         0  sys.o ABSOLUTE
    ..\User\tim3.c                           0x00000000   Number         0  tim3.o ABSOLUTE
    ..\User\usart1.c                         0x00000000   Number         0  usart1.o ABSOLUTE
    ..\User\w25qxx.c                         0x00000000   Number         0  w25qxx.o ABSOLUTE
    ..\\Libraries\\CMSIS\\Device\\Source\\system_stm32f0xx.c 0x00000000   Number         0  system_stm32f0xx.o ABSOLUTE
    ..\\Libraries\\STM32F0xx_StdPeriph_Driver\\src\\stm32f0xx_adc.c 0x00000000   Number         0  stm32f0xx_adc.o ABSOLUTE
    ..\\Libraries\\STM32F0xx_StdPeriph_Driver\\src\\stm32f0xx_dma.c 0x00000000   Number         0  stm32f0xx_dma.o ABSOLUTE
    ..\\Libraries\\STM32F0xx_StdPeriph_Driver\\src\\stm32f0xx_gpio.c 0x00000000   Number         0  stm32f0xx_gpio.o ABSOLUTE
    ..\\Libraries\\STM32F0xx_StdPeriph_Driver\\src\\stm32f0xx_misc.c 0x00000000   Number         0  stm32f0xx_misc.o ABSOLUTE
    ..\\Libraries\\STM32F0xx_StdPeriph_Driver\\src\\stm32f0xx_rcc.c 0x00000000   Number         0  stm32f0xx_rcc.o ABSOLUTE
    ..\\Libraries\\STM32F0xx_StdPeriph_Driver\\src\\stm32f0xx_spi.c 0x00000000   Number         0  stm32f0xx_spi.o ABSOLUTE
    ..\\Libraries\\STM32F0xx_StdPeriph_Driver\\src\\stm32f0xx_tim.c 0x00000000   Number         0  stm32f0xx_tim.o ABSOLUTE
    ..\\Libraries\\STM32F0xx_StdPeriph_Driver\\src\\stm32f0xx_usart.c 0x00000000   Number         0  stm32f0xx_usart.o ABSOLUTE
    ..\\User\\adc.c                          0x00000000   Number         0  adc.o ABSOLUTE
    ..\\User\\cs1237.c                       0x00000000   Number         0  cs1237.o ABSOLUTE
    ..\\User\\delay.c                        0x00000000   Number         0  delay.o ABSOLUTE
    ..\\User\\main.c                         0x00000000   Number         0  main.o ABSOLUTE
    ..\\User\\oled.c                         0x00000000   Number         0  oled.o ABSOLUTE
    ..\\User\\spi.c                          0x00000000   Number         0  spi.o ABSOLUTE
    ..\\User\\stm32f0xx_it.c                 0x00000000   Number         0  stm32f0xx_it.o ABSOLUTE
    ..\\User\\sys.c                          0x00000000   Number         0  sys.o ABSOLUTE
    ..\\User\\tim3.c                         0x00000000   Number         0  tim3.o ABSOLUTE
    ..\\User\\usart1.c                       0x00000000   Number         0  usart1.o ABSOLUTE
    ..\\User\\w25qxx.c                       0x00000000   Number         0  w25qxx.o ABSOLUTE
    cdcmple.s                                0x00000000   Number         0  cdcmple.o ABSOLUTE
    cdrcmple.s                               0x00000000   Number         0  cdrcmple.o ABSOLUTE
    dc.s                                     0x00000000   Number         0  dc.o ABSOLUTE
    handlers.s                               0x00000000   Number         0  handlers.o ABSOLUTE
    init.s                                   0x00000000   Number         0  init.o ABSOLUTE
    RESET                                    0x08000000   Section      180  startup_stm32f030.o(RESET)
    .ARM.Collect$$$$00000000                 0x080000b4   Section        0  entry.o(.ARM.Collect$$$$00000000)
    .ARM.Collect$$$$00000001                 0x080000b4   Section        4  entry2.o(.ARM.Collect$$$$00000001)
    .ARM.Collect$$$$00000004                 0x080000b8   Section        4  entry5.o(.ARM.Collect$$$$00000004)
    .ARM.Collect$$$$00000008                 0x080000bc   Section        0  entry7b.o(.ARM.Collect$$$$00000008)
    .ARM.Collect$$$$0000000A                 0x080000bc   Section        0  entry8b.o(.ARM.Collect$$$$0000000A)
    .ARM.Collect$$$$0000000B                 0x080000bc   Section        8  entry9a.o(.ARM.Collect$$$$0000000B)
    .ARM.Collect$$$$0000000D                 0x080000c4   Section        0  entry10a.o(.ARM.Collect$$$$0000000D)
    .ARM.Collect$$$$0000000F                 0x080000c4   Section        0  entry11a.o(.ARM.Collect$$$$0000000F)
    .ARM.Collect$$$$00002712                 0x080000c4   Section        4  entry2.o(.ARM.Collect$$$$00002712)
    __lit__00000000                          0x080000c4   Data           4  entry2.o(.ARM.Collect$$$$00002712)
    .text                                    0x080000c8   Section        0  main.o(.text)
    .text                                    0x080005f4   Section        0  stm32f0xx_it.o(.text)
    .text                                    0x08000600   Section        0  delay.o(.text)
    .text                                    0x0800068c   Section        0  usart1.o(.text)
    .text                                    0x0800075c   Section        0  adc.o(.text)
    .text                                    0x0800084c   Section        0  tim3.o(.text)
    .text                                    0x0800093c   Section        0  cs1237.o(.text)
    .text                                    0x0800121c   Section        0  oled.o(.text)
    .text                                    0x08001fb4   Section        0  stm32f0xx_adc.o(.text)
    .text                                    0x080021e0   Section        0  stm32f0xx_gpio.o(.text)
    .text                                    0x0800234c   Section        0  stm32f0xx_rcc.o(.text)
    .text                                    0x08002838   Section        0  stm32f0xx_usart.o(.text)
    .text                                    0x08002cf8   Section        0  stm32f0xx_misc.o(.text)
    .text                                    0x08002d74   Section        0  stm32f0xx_tim.o(.text)
    TI2_Config                               0x08003379   Thumb Code    42  stm32f0xx_tim.o(.text)
    TI1_Config                               0x080033b3   Thumb Code    40  stm32f0xx_tim.o(.text)
    .text                                    0x080036b0   Section        0  system_stm32f0xx.o(.text)
    SetSysClock                              0x0800375f   Thumb Code   136  system_stm32f0xx.o(.text)
    .text                                    0x08003804   Section       88  startup_stm32f030.o(.text)
    .text                                    0x0800385c   Section        0  uidiv.o(.text)
    .text                                    0x08003888   Section        0  fmul.o(.text)
    .text                                    0x08003902   Section        0  fdiv.o(.text)
    .text                                    0x08003980   Section        0  dadd.o(.text)
    .text                                    0x08003ae4   Section        0  dmul.o(.text)
    .text                                    0x08003bb4   Section        0  ffltui.o(.text)
    .text                                    0x08003bc2   Section        0  ffixui.o(.text)
    .text                                    0x08003bea   Section        0  f2d.o(.text)
    .text                                    0x08003c14   Section       40  cdcmple.o(.text)
    .text                                    0x08003c3c   Section       40  cdrcmple.o(.text)
    .text                                    0x08003c64   Section        0  d2f.o(.text)
    .text                                    0x08003c9c   Section        0  uldiv.o(.text)
    .text                                    0x08003cfc   Section        0  llshl.o(.text)
    .text                                    0x08003d1c   Section        0  llsshr.o(.text)
    .text                                    0x08003d42   Section        0  iusefp.o(.text)
    .text                                    0x08003d42   Section        0  fepilogue.o(.text)
    .text                                    0x08003dc4   Section        0  depilogue.o(.text)
    .text                                    0x08003e84   Section       36  init.o(.text)
    .text                                    0x08003ea8   Section        0  llushr.o(.text)
    .text                                    0x08003eca   Section        0  __dczerorl2.o(.text)
    i.__0printf$5                            0x08003f20   Section        0  printf5.o(i.__0printf$5)
    i.__ARM_clz                              0x08003f40   Section        0  depilogue.o(i.__ARM_clz)
    i.__scatterload_copy                     0x08003f6e   Section       14  handlers.o(i.__scatterload_copy)
    i.__scatterload_null                     0x08003f7c   Section        2  handlers.o(i.__scatterload_null)
    i.__scatterload_zeroinit                 0x08003f7e   Section       14  handlers.o(i.__scatterload_zeroinit)
    i._printf_core                           0x08003f8c   Section        0  printf5.o(i._printf_core)
    _printf_core                             0x08003f8d   Thumb Code   688  printf5.o(i._printf_core)
    .constdata                               0x08004268   Section      564  main.o(.constdata)
    .constdata                               0x0800449c   Section    21355  oled.o(.constdata)
    .data                                    0x20000000   Section        4  delay.o(.data)
    fac_us                                   0x20000000   Data           1  delay.o(.data)
    fac_ms                                   0x20000002   Data           2  delay.o(.data)
    .data                                    0x20000004   Section        4  usart1.o(.data)
    .data                                    0x20000008   Section       10  tim3.o(.data)
    .data                                    0x20000014   Section        4  cs1237.o(.data)
    .data                                    0x20000018   Section      652  oled.o(.data)
    .data                                    0x200002a4   Section       16  stm32f0xx_rcc.o(.data)
    APBAHBPrescTable                         0x200002a4   Data          16  stm32f0xx_rcc.o(.data)
    .data                                    0x200002b4   Section       20  system_stm32f0xx.o(.data)
    STACK                                    0x200002c8   Section     1024  startup_stm32f030.o(STACK)

    Global Symbols

    Symbol Name                              Value     Ov Type        Size  Object(Section)

    BuildAttributes$$THM_ISAv3M$S$PE$A:L22$X:L11$S22$IEEE1$IW$USESV6$~STKCKD$USESV7$~SHL$OTIME$ROPI$EBA8$MICROLIB$REQ8$PRES8$EABIv2 0x00000000   Number         0  anon$$obj.o ABSOLUTE
    __ARM_use_no_argv                        0x00000000   Number         0  main.o ABSOLUTE
    __use_no_errno                           0x00000000   Number         0  useno.o ABSOLUTE
    __use_no_exception_handling              0x00000000   Number         0  useno.o ABSOLUTE
    __use_no_fp                              0x00000000   Number         0  useno.o ABSOLUTE
    __use_no_heap                            0x00000000   Number         0  useno.o ABSOLUTE
    __use_no_heap_region                     0x00000000   Number         0  useno.o ABSOLUTE
    __use_no_semihosting                     0x00000000   Number         0  useno.o ABSOLUTE
    __use_no_semihosting_swi                 0x00000000   Number         0  useno.o ABSOLUTE
    __use_no_signal_handling                 0x00000000   Number         0  useno.o ABSOLUTE
    _printf_a                                0x00000000   Number         0  stubs.o ABSOLUTE
    _printf_c                                0x00000000   Number         0  stubs.o ABSOLUTE
    _printf_charcount                        0x00000000   Number         0  stubs.o ABSOLUTE
    _printf_d                                0x00000000   Number         0  stubs.o ABSOLUTE
    _printf_e                                0x00000000   Number         0  stubs.o ABSOLUTE
    _printf_f                                0x00000000   Number         0  stubs.o ABSOLUTE
    _printf_flags                            0x00000000   Number         0  stubs.o ABSOLUTE
    _printf_fp_dec                           0x00000000   Number         0  stubs.o ABSOLUTE
    _printf_fp_hex                           0x00000000   Number         0  stubs.o ABSOLUTE
    _printf_g                                0x00000000   Number         0  stubs.o ABSOLUTE
    _printf_i                                0x00000000   Number         0  stubs.o ABSOLUTE
    _printf_int_dec                          0x00000000   Number         0  stubs.o ABSOLUTE
    _printf_l                                0x00000000   Number         0  stubs.o ABSOLUTE
    _printf_lc                               0x00000000   Number         0  stubs.o ABSOLUTE
    _printf_ll                               0x00000000   Number         0  stubs.o ABSOLUTE
    _printf_lld                              0x00000000   Number         0  stubs.o ABSOLUTE
    _printf_lli                              0x00000000   Number         0  stubs.o ABSOLUTE
    _printf_llo                              0x00000000   Number         0  stubs.o ABSOLUTE
    _printf_llu                              0x00000000   Number         0  stubs.o ABSOLUTE
    _printf_llx                              0x00000000   Number         0  stubs.o ABSOLUTE
    _printf_longlong_dec                     0x00000000   Number         0  stubs.o ABSOLUTE
    _printf_longlong_hex                     0x00000000   Number         0  stubs.o ABSOLUTE
    _printf_longlong_oct                     0x00000000   Number         0  stubs.o ABSOLUTE
    _printf_ls                               0x00000000   Number         0  stubs.o ABSOLUTE
    _printf_mbtowc                           0x00000000   Number         0  stubs.o ABSOLUTE
    _printf_n                                0x00000000   Number         0  stubs.o ABSOLUTE
    _printf_o                                0x00000000   Number         0  stubs.o ABSOLUTE
    _printf_p                                0x00000000   Number         0  stubs.o ABSOLUTE
    _printf_percent                          0x00000000   Number         0  stubs.o ABSOLUTE
    _printf_pre_padding                      0x00000000   Number         0  stubs.o ABSOLUTE
    _printf_return_value                     0x00000000   Number         0  stubs.o ABSOLUTE
    _printf_s                                0x00000000   Number         0  stubs.o ABSOLUTE
    _printf_sizespec                         0x00000000   Number         0  stubs.o ABSOLUTE
    _printf_str                              0x00000000   Number         0  stubs.o ABSOLUTE
    _printf_truncate_signed                  0x00000000   Number         0  stubs.o ABSOLUTE
    _printf_truncate_unsigned                0x00000000   Number         0  stubs.o ABSOLUTE
    _printf_u                                0x00000000   Number         0  stubs.o ABSOLUTE
    _printf_wc                               0x00000000   Number         0  stubs.o ABSOLUTE
    _printf_wctomb                           0x00000000   Number         0  stubs.o ABSOLUTE
    _printf_widthprec                        0x00000000   Number         0  stubs.o ABSOLUTE
    _printf_x                                0x00000000   Number         0  stubs.o ABSOLUTE
    __cpp_initialize__aeabi_                  - Undefined Weak Reference
    __cxa_finalize                            - Undefined Weak Reference
    _clock_init                               - Undefined Weak Reference
    _microlib_exit                            - Undefined Weak Reference
    __Vectors_Size                           0x000000b4   Number         0  startup_stm32f030.o ABSOLUTE
    __Vectors                                0x08000000   Data           4  startup_stm32f030.o(RESET)
    __Vectors_End                            0x080000b4   Data           0  startup_stm32f030.o(RESET)
    __main                                   0x080000b5   Thumb Code     0  entry.o(.ARM.Collect$$$$00000000)
    _main_stk                                0x080000b5   Thumb Code     0  entry2.o(.ARM.Collect$$$$00000001)
    _main_scatterload                        0x080000b9   Thumb Code     0  entry5.o(.ARM.Collect$$$$00000004)
    __main_after_scatterload                 0x080000bd   Thumb Code     0  entry5.o(.ARM.Collect$$$$00000004)
    _main_clock                              0x080000bd   Thumb Code     0  entry7b.o(.ARM.Collect$$$$00000008)
    _main_cpp_init                           0x080000bd   Thumb Code     0  entry8b.o(.ARM.Collect$$$$0000000A)
    _main_init                               0x080000bd   Thumb Code     0  entry9a.o(.ARM.Collect$$$$0000000B)
    __rt_final_cpp                           0x080000c5   Thumb Code     0  entry10a.o(.ARM.Collect$$$$0000000D)
    __rt_final_exit                          0x080000c5   Thumb Code     0  entry11a.o(.ARM.Collect$$$$0000000F)
    OtherIOInit                              0x080000c9   Thumb Code    80  main.o(.text)
    main                                     0x08000119   Thumb Code  1232  main.o(.text)
    NMI_Handler                              0x080005f5   Thumb Code     2  stm32f0xx_it.o(.text)
    HardFault_Handler                        0x080005f7   Thumb Code     2  stm32f0xx_it.o(.text)
    SVC_Handler                              0x080005f9   Thumb Code     2  stm32f0xx_it.o(.text)
    PendSV_Handler                           0x080005fb   Thumb Code     2  stm32f0xx_it.o(.text)
    SysTick_Handler                          0x080005fd   Thumb Code     2  stm32f0xx_it.o(.text)
    delay_init                               0x08000601   Thumb Code    36  delay.o(.text)
    delay_us                                 0x08000625   Thumb Code    44  delay.o(.text)
    delay_ms                                 0x08000651   Thumb Code    44  delay.o(.text)
    _sys_exit                                0x0800068d   Thumb Code     2  usart1.o(.text)
    fputc                                    0x0800068f   Thumb Code    16  usart1.o(.text)
    USART1_Init                              0x0800069f   Thumb Code   138  usart1.o(.text)
    USART1_IRQHandler                        0x08000729   Thumb Code    44  usart1.o(.text)
    ADC_Config                               0x0800075d   Thumb Code   118  adc.o(.text)
    Get_Adc                                  0x080007d3   Thumb Code    40  adc.o(.text)
    Get_Adc_Average                          0x080007fb   Thumb Code    78  adc.o(.text)
    TIM_Config                               0x0800084d   Thumb Code    96  tim3.o(.text)
    TIM3_IRQHandler                          0x080008ad   Thumb Code   124  tim3.o(.text)
    CS1237_Power_Down                        0x0800093d   Thumb Code    42  cs1237.o(.text)
    Con_CS1237                               0x08000967   Thumb Code   770  cs1237.o(.text)
    Read_CON                                 0x08000c69   Thumb Code   846  cs1237.o(.text)
    Read_CS1237                              0x08000fb7   Thumb Code   292  cs1237.o(.text)
    Init_CS1237                              0x080010db   Thumb Code    22  cs1237.o(.text)
    Read_12Bit_AD                            0x080010f1   Thumb Code   164  cs1237.o(.text)
    Cs1237IO_Init                            0x08001195   Thumb Code    52  cs1237.o(.text)
    Code32bit_conversion                     0x080011c9   Thumb Code     6  cs1237.o(.text)
    SSD1331_Send_Byte                        0x0800121d   Thumb Code   164  oled.o(.text)
    LCD_CmdWrite                             0x080012c1   Thumb Code    64  oled.o(.text)
    LCD_DataWrite                            0x08001301   Thumb Code    52  oled.o(.text)
    LCD_Data16Write                          0x08001335   Thumb Code    96  oled.o(.text)
    Address_set                              0x08001395   Thumb Code    86  oled.o(.text)
    LCD_Reset                                0x080013eb   Thumb Code    56  oled.o(.text)
    ssd1331_IOInit                           0x08001423   Thumb Code   144  oled.o(.text)
    Lcd_Init                                 0x080014b3   Thumb Code   386  oled.o(.text)
    LCD_Clear                                0x08001635   Thumb Code    40  oled.o(.text)
    LCD_Clearpart                            0x0800165d   Thumb Code    42  oled.o(.text)
    showhanzi                                0x08001687   Thumb Code    70  oled.o(.text)
    LCD_DrawPoint                            0x080016cd   Thumb Code    20  oled.o(.text)
    LCD_Fill                                 0x080016e1   Thumb Code    44  oled.o(.text)
    LCD_DrawPoint_big                        0x0800170d   Thumb Code    22  oled.o(.text)
    LCD_DrawLine                             0x08001723   Thumb Code   148  oled.o(.text)
    LCD_DrawRectangle                        0x080017b7   Thumb Code    54  oled.o(.text)
    Draw_Circle                              0x080017ed   Thumb Code   158  oled.o(.text)
    LCD_ShowChar                             0x0800188b   Thumb Code   160  oled.o(.text)
    LCD_ShowChar22                           0x0800192b   Thumb Code   184  oled.o(.text)
    LCD_ShowChar33                           0x080019e3   Thumb Code   242  oled.o(.text)
    LCD_ShowChar44                           0x08001ad5   Thumb Code   184  oled.o(.text)
    mypow                                    0x08001b8d   Thumb Code    20  oled.o(.text)
    LCD_ShowNum                              0x08001ba1   Thumb Code    92  oled.o(.text)
    LCD_ShowNum22                            0x08001bfd   Thumb Code    70  oled.o(.text)
    LCD_ShowNum33                            0x08001c43   Thumb Code   108  oled.o(.text)
    LCD_Show2Num                             0x08001caf   Thumb Code    66  oled.o(.text)
    LCD_ShowString                           0x08001cf1   Thumb Code    60  oled.o(.text)
    showimage                                0x08001d2d   Thumb Code   100  oled.o(.text)
    showbattery                              0x08001d91   Thumb Code    76  oled.o(.text)
    showbuzzer                               0x08001ddd   Thumb Code   106  oled.o(.text)
    batteryupdate                            0x08001e47   Thumb Code   198  oled.o(.text)
    tempupdate                               0x08001f0d   Thumb Code   154  oled.o(.text)
    ADC_DeInit                               0x08001fb5   Thumb Code    28  stm32f0xx_adc.o(.text)
    ADC_Init                                 0x08001fd1   Thumb Code    38  stm32f0xx_adc.o(.text)
    ADC_StructInit                           0x08001ff7   Thumb Code    16  stm32f0xx_adc.o(.text)
    ADC_Cmd                                  0x08002007   Thumb Code    18  stm32f0xx_adc.o(.text)
    ADC_ClockModeConfig                      0x08002019   Thumb Code     4  stm32f0xx_adc.o(.text)
    ADC_JitterCmd                            0x0800201d   Thumb Code    16  stm32f0xx_adc.o(.text)
    ADC_AutoPowerOffCmd                      0x0800202d   Thumb Code    20  stm32f0xx_adc.o(.text)
    ADC_WaitModeCmd                          0x08002041   Thumb Code    20  stm32f0xx_adc.o(.text)
    ADC_AnalogWatchdogCmd                    0x08002055   Thumb Code    20  stm32f0xx_adc.o(.text)
    ADC_AnalogWatchdogThresholdsConfig       0x08002069   Thumb Code     8  stm32f0xx_adc.o(.text)
    ADC_AnalogWatchdogSingleChannelConfig    0x08002071   Thumb Code    14  stm32f0xx_adc.o(.text)
    ADC_AnalogWatchdogSingleChannelCmd       0x0800207f   Thumb Code    20  stm32f0xx_adc.o(.text)
    ADC_TempSensorCmd                        0x08002093   Thumb Code    22  stm32f0xx_adc.o(.text)
    ADC_VrefintCmd                           0x080020a9   Thumb Code    22  stm32f0xx_adc.o(.text)
    ADC_VbatCmd                              0x080020bf   Thumb Code    22  stm32f0xx_adc.o(.text)
    ADC_ChannelConfig                        0x080020d5   Thumb Code    14  stm32f0xx_adc.o(.text)
    ADC_ContinuousModeCmd                    0x080020e3   Thumb Code    20  stm32f0xx_adc.o(.text)
    ADC_DiscModeCmd                          0x080020f7   Thumb Code    20  stm32f0xx_adc.o(.text)
    ADC_OverrunModeCmd                       0x0800210b   Thumb Code    20  stm32f0xx_adc.o(.text)
    ADC_GetCalibrationFactor                 0x0800211f   Thumb Code    46  stm32f0xx_adc.o(.text)
    ADC_StopOfConversion                     0x0800214d   Thumb Code    10  stm32f0xx_adc.o(.text)
    ADC_StartOfConversion                    0x08002157   Thumb Code    10  stm32f0xx_adc.o(.text)
    ADC_GetConversionValue                   0x08002161   Thumb Code     6  stm32f0xx_adc.o(.text)
    ADC_DMACmd                               0x08002167   Thumb Code    20  stm32f0xx_adc.o(.text)
    ADC_DMARequestModeConfig                 0x0800217b   Thumb Code    16  stm32f0xx_adc.o(.text)
    ADC_ITConfig                             0x0800218b   Thumb Code    16  stm32f0xx_adc.o(.text)
    ADC_GetFlagStatus                        0x0800219b   Thumb Code    28  stm32f0xx_adc.o(.text)
    ADC_ClearFlag                            0x080021b7   Thumb Code     4  stm32f0xx_adc.o(.text)
    ADC_GetITStatus                          0x080021bb   Thumb Code    22  stm32f0xx_adc.o(.text)
    ADC_ClearITPendingBit                    0x080021d1   Thumb Code     4  stm32f0xx_adc.o(.text)
    GPIO_DeInit                              0x080021e1   Thumb Code    90  stm32f0xx_gpio.o(.text)
    GPIO_Init                                0x0800223b   Thumb Code   112  stm32f0xx_gpio.o(.text)
    GPIO_StructInit                          0x080022ab   Thumb Code    18  stm32f0xx_gpio.o(.text)
    GPIO_PinLockConfig                       0x080022bd   Thumb Code    26  stm32f0xx_gpio.o(.text)
    GPIO_ReadInputDataBit                    0x080022d7   Thumb Code    14  stm32f0xx_gpio.o(.text)
    GPIO_ReadInputData                       0x080022e5   Thumb Code     4  stm32f0xx_gpio.o(.text)
    GPIO_ReadOutputDataBit                   0x080022e9   Thumb Code    14  stm32f0xx_gpio.o(.text)
    GPIO_ReadOutputData                      0x080022f7   Thumb Code     4  stm32f0xx_gpio.o(.text)
    GPIO_SetBits                             0x080022fb   Thumb Code     4  stm32f0xx_gpio.o(.text)
    GPIO_ResetBits                           0x080022ff   Thumb Code     4  stm32f0xx_gpio.o(.text)
    GPIO_WriteBit                            0x08002303   Thumb Code    12  stm32f0xx_gpio.o(.text)
    GPIO_Write                               0x0800230f   Thumb Code     4  stm32f0xx_gpio.o(.text)
    GPIO_PinAFConfig                         0x08002313   Thumb Code    32  stm32f0xx_gpio.o(.text)
    RCC_DeInit                               0x0800234d   Thumb Code    76  stm32f0xx_rcc.o(.text)
    RCC_HSEConfig                            0x08002399   Thumb Code    10  stm32f0xx_rcc.o(.text)
    RCC_GetFlagStatus                        0x080023a3   Thumb Code    48  stm32f0xx_rcc.o(.text)
    RCC_WaitForHSEStartUp                    0x080023d3   Thumb Code    44  stm32f0xx_rcc.o(.text)
    RCC_AdjustHSICalibrationValue            0x080023ff   Thumb Code    16  stm32f0xx_rcc.o(.text)
    RCC_HSICmd                               0x0800240f   Thumb Code    22  stm32f0xx_rcc.o(.text)
    RCC_AdjustHSI14CalibrationValue          0x08002425   Thumb Code    16  stm32f0xx_rcc.o(.text)
    RCC_HSI14Cmd                             0x08002435   Thumb Code    22  stm32f0xx_rcc.o(.text)
    RCC_HSI14ADCRequestCmd                   0x0800244b   Thumb Code    20  stm32f0xx_rcc.o(.text)
    RCC_LSEConfig                            0x0800245f   Thumb Code    26  stm32f0xx_rcc.o(.text)
    RCC_LSEDriveConfig                       0x08002479   Thumb Code    18  stm32f0xx_rcc.o(.text)
    RCC_LSICmd                               0x0800248b   Thumb Code    22  stm32f0xx_rcc.o(.text)
    RCC_PLLConfig                            0x080024a1   Thumb Code    24  stm32f0xx_rcc.o(.text)
    RCC_PLLCmd                               0x080024b9   Thumb Code    22  stm32f0xx_rcc.o(.text)
    RCC_HSI48Cmd                             0x080024cf   Thumb Code    22  stm32f0xx_rcc.o(.text)
    RCC_PREDIV1Config                        0x080024e5   Thumb Code    14  stm32f0xx_rcc.o(.text)
    RCC_ClockSecuritySystemCmd               0x080024f3   Thumb Code    22  stm32f0xx_rcc.o(.text)
    RCC_MCOConfig                            0x08002509   Thumb Code    18  stm32f0xx_rcc.o(.text)
    RCC_SYSCLKConfig                         0x0800251b   Thumb Code    14  stm32f0xx_rcc.o(.text)
    RCC_GetSYSCLKSource                      0x08002529   Thumb Code    10  stm32f0xx_rcc.o(.text)
    RCC_HCLKConfig                           0x08002533   Thumb Code    14  stm32f0xx_rcc.o(.text)
    RCC_PCLKConfig                           0x08002541   Thumb Code    16  stm32f0xx_rcc.o(.text)
    RCC_ADCCLKConfig                         0x08002551   Thumb Code    38  stm32f0xx_rcc.o(.text)
    RCC_CECCLKConfig                         0x08002577   Thumb Code    18  stm32f0xx_rcc.o(.text)
    RCC_I2CCLKConfig                         0x08002589   Thumb Code    18  stm32f0xx_rcc.o(.text)
    RCC_USARTCLKConfig                       0x0800259b   Thumb Code    44  stm32f0xx_rcc.o(.text)
    RCC_USBCLKConfig                         0x080025c7   Thumb Code    18  stm32f0xx_rcc.o(.text)
    RCC_GetClocksFreq                        0x080025d9   Thumb Code   388  stm32f0xx_rcc.o(.text)
    RCC_RTCCLKConfig                         0x0800275d   Thumb Code    10  stm32f0xx_rcc.o(.text)
    RCC_RTCCLKCmd                            0x08002767   Thumb Code    22  stm32f0xx_rcc.o(.text)
    RCC_BackupResetCmd                       0x0800277d   Thumb Code    22  stm32f0xx_rcc.o(.text)
    RCC_AHBPeriphClockCmd                    0x08002793   Thumb Code    18  stm32f0xx_rcc.o(.text)
    RCC_APB2PeriphClockCmd                   0x080027a5   Thumb Code    18  stm32f0xx_rcc.o(.text)
    RCC_APB1PeriphClockCmd                   0x080027b7   Thumb Code    18  stm32f0xx_rcc.o(.text)
    RCC_AHBPeriphResetCmd                    0x080027c9   Thumb Code    18  stm32f0xx_rcc.o(.text)
    RCC_APB2PeriphResetCmd                   0x080027db   Thumb Code    18  stm32f0xx_rcc.o(.text)
    RCC_APB1PeriphResetCmd                   0x080027ed   Thumb Code    18  stm32f0xx_rcc.o(.text)
    RCC_ITConfig                             0x080027ff   Thumb Code    18  stm32f0xx_rcc.o(.text)
    RCC_ClearFlag                            0x08002811   Thumb Code    14  stm32f0xx_rcc.o(.text)
    RCC_GetITStatus                          0x0800281f   Thumb Code    16  stm32f0xx_rcc.o(.text)
    RCC_ClearITPendingBit                    0x0800282f   Thumb Code     6  stm32f0xx_rcc.o(.text)
    USART_DeInit                             0x08002839   Thumb Code   150  stm32f0xx_usart.o(.text)
    USART_Init                               0x080028cf   Thumb Code   148  stm32f0xx_usart.o(.text)
    USART_StructInit                         0x08002963   Thumb Code    22  stm32f0xx_usart.o(.text)
    USART_ClockInit                          0x08002979   Thumb Code    28  stm32f0xx_usart.o(.text)
    USART_ClockStructInit                    0x08002995   Thumb Code    12  stm32f0xx_usart.o(.text)
    USART_Cmd                                0x080029a1   Thumb Code    20  stm32f0xx_usart.o(.text)
    USART_DirectionModeCmd                   0x080029b5   Thumb Code    16  stm32f0xx_usart.o(.text)
    USART_OverSampling8Cmd                   0x080029c5   Thumb Code    20  stm32f0xx_usart.o(.text)
    USART_OneBitMethodCmd                    0x080029d9   Thumb Code    20  stm32f0xx_usart.o(.text)
    USART_MSBFirstCmd                        0x080029ed   Thumb Code    20  stm32f0xx_usart.o(.text)
    USART_DataInvCmd                         0x08002a01   Thumb Code    20  stm32f0xx_usart.o(.text)
    USART_InvPinCmd                          0x08002a15   Thumb Code    16  stm32f0xx_usart.o(.text)
    USART_SWAPPinCmd                         0x08002a25   Thumb Code    20  stm32f0xx_usart.o(.text)
    USART_ReceiverTimeOutCmd                 0x08002a39   Thumb Code    20  stm32f0xx_usart.o(.text)
    USART_SetReceiverTimeOut                 0x08002a4d   Thumb Code    16  stm32f0xx_usart.o(.text)
    USART_SetPrescaler                       0x08002a5d   Thumb Code    16  stm32f0xx_usart.o(.text)
    USART_STOPModeCmd                        0x08002a6d   Thumb Code    18  stm32f0xx_usart.o(.text)
    USART_StopModeWakeUpSourceConfig         0x08002a7f   Thumb Code    18  stm32f0xx_usart.o(.text)
    USART_AutoBaudRateCmd                    0x08002a91   Thumb Code    20  stm32f0xx_usart.o(.text)
    USART_AutoBaudRateConfig                 0x08002aa5   Thumb Code    18  stm32f0xx_usart.o(.text)
    USART_SendData                           0x08002ab7   Thumb Code     8  stm32f0xx_usart.o(.text)
    USART_ReceiveData                        0x08002abf   Thumb Code     8  stm32f0xx_usart.o(.text)
    USART_SetAddress                         0x08002ac7   Thumb Code    18  stm32f0xx_usart.o(.text)
    USART_MuteModeCmd                        0x08002ad9   Thumb Code    20  stm32f0xx_usart.o(.text)
    USART_MuteModeWakeUpConfig               0x08002aed   Thumb Code    18  stm32f0xx_usart.o(.text)
    USART_AddressDetectionConfig             0x08002aff   Thumb Code    16  stm32f0xx_usart.o(.text)
    USART_LINBreakDetectLengthConfig         0x08002b0f   Thumb Code    16  stm32f0xx_usart.o(.text)
    USART_LINCmd                             0x08002b1f   Thumb Code    20  stm32f0xx_usart.o(.text)
    USART_HalfDuplexCmd                      0x08002b33   Thumb Code    18  stm32f0xx_usart.o(.text)
    USART_SetGuardTime                       0x08002b45   Thumb Code    16  stm32f0xx_usart.o(.text)
    USART_SmartCardCmd                       0x08002b55   Thumb Code    18  stm32f0xx_usart.o(.text)
    USART_SmartCardNACKCmd                   0x08002b67   Thumb Code    18  stm32f0xx_usart.o(.text)
    USART_SetAutoRetryCount                  0x08002b79   Thumb Code    20  stm32f0xx_usart.o(.text)
    USART_SetBlockLength                     0x08002b8d   Thumb Code    18  stm32f0xx_usart.o(.text)
    USART_IrDAConfig                         0x08002b9f   Thumb Code    16  stm32f0xx_usart.o(.text)
    USART_IrDACmd                            0x08002baf   Thumb Code    18  stm32f0xx_usart.o(.text)
    USART_DECmd                              0x08002bc1   Thumb Code    20  stm32f0xx_usart.o(.text)
    USART_DEPolarityConfig                   0x08002bd5   Thumb Code    18  stm32f0xx_usart.o(.text)
    USART_SetDEAssertionTime                 0x08002be7   Thumb Code    20  stm32f0xx_usart.o(.text)
    USART_SetDEDeassertionTime               0x08002bfb   Thumb Code    20  stm32f0xx_usart.o(.text)
    USART_DMACmd                             0x08002c0f   Thumb Code    56  stm32f0xx_usart.o(.text)
    USART_DMAReceptionErrorConfig            0x08002c47   Thumb Code    18  stm32f0xx_usart.o(.text)
    USART_ITConfig                           0x08002c59   Thumb Code    42  stm32f0xx_usart.o(.text)
    USART_RequestCmd                         0x08002c83   Thumb Code    16  stm32f0xx_usart.o(.text)
    USART_OverrunDetectionConfig             0x08002c93   Thumb Code    18  stm32f0xx_usart.o(.text)
    USART_GetFlagStatus                      0x08002ca5   Thumb Code    14  stm32f0xx_usart.o(.text)
    USART_ClearFlag                          0x08002cb3   Thumb Code     4  stm32f0xx_usart.o(.text)
    USART_GetITStatus                        0x08002cb7   Thumb Code    56  stm32f0xx_usart.o(.text)
    USART_ClearITPendingBit                  0x08002cef   Thumb Code    10  stm32f0xx_usart.o(.text)
    NVIC_Init                                0x08002cf9   Thumb Code    70  stm32f0xx_misc.o(.text)
    NVIC_SystemLPConfig                      0x08002d3f   Thumb Code    18  stm32f0xx_misc.o(.text)
    SysTick_CLKSourceConfig                  0x08002d51   Thumb Code    20  stm32f0xx_misc.o(.text)
    TIM_DeInit                               0x08002d75   Thumb Code   172  stm32f0xx_tim.o(.text)
    TIM_TimeBaseInit                         0x08002e21   Thumb Code    88  stm32f0xx_tim.o(.text)
    TIM_TimeBaseStructInit                   0x08002e79   Thumb Code    18  stm32f0xx_tim.o(.text)
    TIM_PrescalerConfig                      0x08002e8b   Thumb Code     6  stm32f0xx_tim.o(.text)
    TIM_CounterModeConfig                    0x08002e91   Thumb Code    12  stm32f0xx_tim.o(.text)
    TIM_SetCounter                           0x08002e9d   Thumb Code     4  stm32f0xx_tim.o(.text)
    TIM_SetAutoreload                        0x08002ea1   Thumb Code     4  stm32f0xx_tim.o(.text)
    TIM_GetCounter                           0x08002ea5   Thumb Code     4  stm32f0xx_tim.o(.text)
    TIM_GetPrescaler                         0x08002ea9   Thumb Code     4  stm32f0xx_tim.o(.text)
    TIM_UpdateDisableConfig                  0x08002ead   Thumb Code    18  stm32f0xx_tim.o(.text)
    TIM_UpdateRequestConfig                  0x08002ebf   Thumb Code    18  stm32f0xx_tim.o(.text)
    TIM_ARRPreloadConfig                     0x08002ed1   Thumb Code    18  stm32f0xx_tim.o(.text)
    TIM_SelectOnePulseMode                   0x08002ee3   Thumb Code    16  stm32f0xx_tim.o(.text)
    TIM_SetClockDivision                     0x08002ef3   Thumb Code    16  stm32f0xx_tim.o(.text)
    TIM_Cmd                                  0x08002f03   Thumb Code    20  stm32f0xx_tim.o(.text)
    TIM_BDTRConfig                           0x08002f17   Thumb Code    34  stm32f0xx_tim.o(.text)
    TIM_BDTRStructInit                       0x08002f39   Thumb Code    18  stm32f0xx_tim.o(.text)
    TIM_CtrlPWMOutputs                       0x08002f4b   Thumb Code    24  stm32f0xx_tim.o(.text)
    TIM_OC1Init                              0x08002f63   Thumb Code   104  stm32f0xx_tim.o(.text)
    TIM_OC2Init                              0x08002fcb   Thumb Code   124  stm32f0xx_tim.o(.text)
    TIM_OC3Init                              0x08003047   Thumb Code   110  stm32f0xx_tim.o(.text)
    TIM_OC4Init                              0x080030b5   Thumb Code    78  stm32f0xx_tim.o(.text)
    TIM_OCStructInit                         0x08003103   Thumb Code    20  stm32f0xx_tim.o(.text)
    TIM_SelectOCxM                           0x08003117   Thumb Code   142  stm32f0xx_tim.o(.text)
    TIM_SetCompare1                          0x080031a5   Thumb Code     4  stm32f0xx_tim.o(.text)
    TIM_SetCompare2                          0x080031a9   Thumb Code     4  stm32f0xx_tim.o(.text)
    TIM_SetCompare3                          0x080031ad   Thumb Code     4  stm32f0xx_tim.o(.text)
    TIM_SetCompare4                          0x080031b1   Thumb Code     4  stm32f0xx_tim.o(.text)
    TIM_ForcedOC1Config                      0x080031b5   Thumb Code    12  stm32f0xx_tim.o(.text)
    TIM_ForcedOC2Config                      0x080031c1   Thumb Code    14  stm32f0xx_tim.o(.text)
    TIM_ForcedOC3Config                      0x080031cf   Thumb Code    12  stm32f0xx_tim.o(.text)
    TIM_ForcedOC4Config                      0x080031db   Thumb Code    14  stm32f0xx_tim.o(.text)
    TIM_CCPreloadControl                     0x080031e9   Thumb Code    20  stm32f0xx_tim.o(.text)
    TIM_OC1PreloadConfig                     0x080031fd   Thumb Code    12  stm32f0xx_tim.o(.text)
    TIM_OC2PreloadConfig                     0x08003209   Thumb Code    14  stm32f0xx_tim.o(.text)
    TIM_OC3PreloadConfig                     0x08003217   Thumb Code    12  stm32f0xx_tim.o(.text)
    TIM_OC4PreloadConfig                     0x08003223   Thumb Code    14  stm32f0xx_tim.o(.text)
    TIM_OC1FastConfig                        0x08003231   Thumb Code    12  stm32f0xx_tim.o(.text)
    TIM_OC2FastConfig                        0x0800323d   Thumb Code    14  stm32f0xx_tim.o(.text)
    TIM_OC3FastConfig                        0x0800324b   Thumb Code    12  stm32f0xx_tim.o(.text)
    TIM_OC4FastConfig                        0x08003257   Thumb Code    14  stm32f0xx_tim.o(.text)
    TIM_ClearOC1Ref                          0x08003265   Thumb Code    12  stm32f0xx_tim.o(.text)
    TIM_ClearOC2Ref                          0x08003271   Thumb Code    14  stm32f0xx_tim.o(.text)
    TIM_ClearOC3Ref                          0x0800327f   Thumb Code    12  stm32f0xx_tim.o(.text)
    TIM_ClearOC4Ref                          0x0800328b   Thumb Code    14  stm32f0xx_tim.o(.text)
    TIM_OC1PolarityConfig                    0x08003299   Thumb Code    12  stm32f0xx_tim.o(.text)
    TIM_OC1NPolarityConfig                   0x080032a5   Thumb Code    12  stm32f0xx_tim.o(.text)
    TIM_OC2PolarityConfig                    0x080032b1   Thumb Code    14  stm32f0xx_tim.o(.text)
    TIM_OC2NPolarityConfig                   0x080032bf   Thumb Code    14  stm32f0xx_tim.o(.text)
    TIM_OC3PolarityConfig                    0x080032cd   Thumb Code    14  stm32f0xx_tim.o(.text)
    TIM_OC3NPolarityConfig                   0x080032db   Thumb Code    14  stm32f0xx_tim.o(.text)
    TIM_OC4PolarityConfig                    0x080032e9   Thumb Code    14  stm32f0xx_tim.o(.text)
    TIM_SelectOCREFClear                     0x080032f7   Thumb Code    16  stm32f0xx_tim.o(.text)
    TIM_CCxCmd                               0x08003307   Thumb Code    22  stm32f0xx_tim.o(.text)
    TIM_CCxNCmd                              0x0800331d   Thumb Code    22  stm32f0xx_tim.o(.text)
    TIM_SelectCOM                            0x08003333   Thumb Code    18  stm32f0xx_tim.o(.text)
    TIM_SetIC4Prescaler                      0x08003345   Thumb Code    18  stm32f0xx_tim.o(.text)
    TIM_SetIC3Prescaler                      0x08003357   Thumb Code    16  stm32f0xx_tim.o(.text)
    TIM_SetIC2Prescaler                      0x08003367   Thumb Code    18  stm32f0xx_tim.o(.text)
    TIM_SetIC1Prescaler                      0x080033a3   Thumb Code    16  stm32f0xx_tim.o(.text)
    TIM_ICInit                               0x080033db   Thumb Code   162  stm32f0xx_tim.o(.text)
    TIM_ICStructInit                         0x0800347d   Thumb Code    16  stm32f0xx_tim.o(.text)
    TIM_PWMIConfig                           0x0800348d   Thumb Code   104  stm32f0xx_tim.o(.text)
    TIM_GetCapture1                          0x080034f5   Thumb Code     4  stm32f0xx_tim.o(.text)
    TIM_GetCapture2                          0x080034f9   Thumb Code     4  stm32f0xx_tim.o(.text)
    TIM_GetCapture3                          0x080034fd   Thumb Code     4  stm32f0xx_tim.o(.text)
    TIM_GetCapture4                          0x08003501   Thumb Code     4  stm32f0xx_tim.o(.text)
    TIM_ITConfig                             0x08003505   Thumb Code    16  stm32f0xx_tim.o(.text)
    TIM_GenerateEvent                        0x08003515   Thumb Code     4  stm32f0xx_tim.o(.text)
    TIM_GetFlagStatus                        0x08003519   Thumb Code    14  stm32f0xx_tim.o(.text)
    TIM_ClearFlag                            0x08003527   Thumb Code     6  stm32f0xx_tim.o(.text)
    TIM_GetITStatus                          0x0800352d   Thumb Code    24  stm32f0xx_tim.o(.text)
    TIM_ClearITPendingBit                    0x08003545   Thumb Code     6  stm32f0xx_tim.o(.text)
    TIM_DMAConfig                            0x0800354b   Thumb Code     8  stm32f0xx_tim.o(.text)
    TIM_DMACmd                               0x08003553   Thumb Code    16  stm32f0xx_tim.o(.text)
    TIM_SelectCCDMA                          0x08003563   Thumb Code    18  stm32f0xx_tim.o(.text)
    TIM_InternalClockConfig                  0x08003575   Thumb Code    10  stm32f0xx_tim.o(.text)
    TIM_SelectInputTrigger                   0x0800357f   Thumb Code    12  stm32f0xx_tim.o(.text)
    TIM_ITRxExternalClockConfig              0x0800358b   Thumb Code    62  stm32f0xx_tim.o(.text)
    TIM_TIxExternalClockConfig               0x080035c9   Thumb Code    48  stm32f0xx_tim.o(.text)
    TIM_ETRConfig                            0x080035f9   Thumb Code    18  stm32f0xx_tim.o(.text)
    TIM_ETRClockMode1Config                  0x0800360b   Thumb Code    28  stm32f0xx_tim.o(.text)
    TIM_ETRClockMode2Config                  0x08003627   Thumb Code    20  stm32f0xx_tim.o(.text)
    TIM_SelectOutputTrigger                  0x0800363b   Thumb Code    16  stm32f0xx_tim.o(.text)
    TIM_SelectSlaveMode                      0x0800364b   Thumb Code    16  stm32f0xx_tim.o(.text)
    TIM_SelectMasterSlaveMode                0x0800365b   Thumb Code    16  stm32f0xx_tim.o(.text)
    TIM_EncoderInterfaceConfig               0x0800366b   Thumb Code    42  stm32f0xx_tim.o(.text)
    TIM_SelectHallSensor                     0x08003695   Thumb Code    18  stm32f0xx_tim.o(.text)
    TIM_RemapConfig                          0x080036a7   Thumb Code     6  stm32f0xx_tim.o(.text)
    SystemInit                               0x080036b1   Thumb Code    84  system_stm32f0xx.o(.text)
    SystemCoreClockUpdate                    0x08003705   Thumb Code    90  system_stm32f0xx.o(.text)
    Reset_Handler                            0x08003805   Thumb Code    38  startup_stm32f030.o(.text)
    ADC1_IRQHandler                          0x08003835   Thumb Code     0  startup_stm32f030.o(.text)
    DMA1_Channel1_IRQHandler                 0x08003835   Thumb Code     0  startup_stm32f030.o(.text)
    DMA1_Channel2_3_IRQHandler               0x08003835   Thumb Code     0  startup_stm32f030.o(.text)
    DMA1_Channel4_5_IRQHandler               0x08003835   Thumb Code     0  startup_stm32f030.o(.text)
    EXTI0_1_IRQHandler                       0x08003835   Thumb Code     0  startup_stm32f030.o(.text)
    EXTI2_3_IRQHandler                       0x08003835   Thumb Code     0  startup_stm32f030.o(.text)
    EXTI4_15_IRQHandler                      0x08003835   Thumb Code     0  startup_stm32f030.o(.text)
    FLASH_IRQHandler                         0x08003835   Thumb Code     0  startup_stm32f030.o(.text)
    I2C1_IRQHandler                          0x08003835   Thumb Code     0  startup_stm32f030.o(.text)
    I2C2_IRQHandler                          0x08003835   Thumb Code     0  startup_stm32f030.o(.text)
    RCC_IRQHandler                           0x08003835   Thumb Code     0  startup_stm32f030.o(.text)
    RTC_IRQHandler                           0x08003835   Thumb Code     0  startup_stm32f030.o(.text)
    SPI1_IRQHandler                          0x08003835   Thumb Code     0  startup_stm32f030.o(.text)
    SPI2_IRQHandler                          0x08003835   Thumb Code     0  startup_stm32f030.o(.text)
    TIM14_IRQHandler                         0x08003835   Thumb Code     0  startup_stm32f030.o(.text)
    TIM15_IRQHandler                         0x08003835   Thumb Code     0  startup_stm32f030.o(.text)
    TIM16_IRQHandler                         0x08003835   Thumb Code     0  startup_stm32f030.o(.text)
    TIM17_IRQHandler                         0x08003835   Thumb Code     0  startup_stm32f030.o(.text)
    TIM1_BRK_UP_TRG_COM_IRQHandler           0x08003835   Thumb Code     0  startup_stm32f030.o(.text)
    TIM1_CC_IRQHandler                       0x08003835   Thumb Code     0  startup_stm32f030.o(.text)
    USART2_IRQHandler                        0x08003835   Thumb Code     0  startup_stm32f030.o(.text)
    WWDG_IRQHandler                          0x08003835   Thumb Code     0  startup_stm32f030.o(.text)
    __aeabi_uidiv                            0x0800385d   Thumb Code     0  uidiv.o(.text)
    __aeabi_uidivmod                         0x0800385d   Thumb Code    44  uidiv.o(.text)
    __aeabi_fmul                             0x08003889   Thumb Code   122  fmul.o(.text)
    __aeabi_fdiv                             0x08003903   Thumb Code   124  fdiv.o(.text)
    __aeabi_dadd                             0x08003981   Thumb Code   328  dadd.o(.text)
    __aeabi_dsub                             0x08003ac9   Thumb Code    12  dadd.o(.text)
    __aeabi_drsub                            0x08003ad5   Thumb Code    12  dadd.o(.text)
    __aeabi_dmul                             0x08003ae5   Thumb Code   202  dmul.o(.text)
    __aeabi_ui2f                             0x08003bb5   Thumb Code    14  ffltui.o(.text)
    __aeabi_f2uiz                            0x08003bc3   Thumb Code    40  ffixui.o(.text)
    __aeabi_f2d                              0x08003beb   Thumb Code    40  f2d.o(.text)
    __aeabi_cdcmpeq                          0x08003c15   Thumb Code     0  cdcmple.o(.text)
    __aeabi_cdcmple                          0x08003c15   Thumb Code    38  cdcmple.o(.text)
    __aeabi_cdrcmple                         0x08003c3d   Thumb Code    38  cdrcmple.o(.text)
    __aeabi_d2f                              0x08003c65   Thumb Code    56  d2f.o(.text)
    __aeabi_uldivmod                         0x08003c9d   Thumb Code    96  uldiv.o(.text)
    __aeabi_llsl                             0x08003cfd   Thumb Code    32  llshl.o(.text)
    _ll_shift_l                              0x08003cfd   Thumb Code     0  llshl.o(.text)
    __aeabi_lasr                             0x08003d1d   Thumb Code    38  llsshr.o(.text)
    _ll_sshift_r                             0x08003d1d   Thumb Code     0  llsshr.o(.text)
    __I$use$fp                               0x08003d43   Thumb Code     0  iusefp.o(.text)
    _float_round                             0x08003d43   Thumb Code    16  fepilogue.o(.text)
    _float_epilogue                          0x08003d53   Thumb Code   114  fepilogue.o(.text)
    _double_round                            0x08003dc5   Thumb Code    26  depilogue.o(.text)
    _double_epilogue                         0x08003ddf   Thumb Code   164  depilogue.o(.text)
    __scatterload                            0x08003e85   Thumb Code    28  init.o(.text)
    __scatterload_rt2                        0x08003e85   Thumb Code     0  init.o(.text)
    __aeabi_llsr                             0x08003ea9   Thumb Code    34  llushr.o(.text)
    _ll_ushift_r                             0x08003ea9   Thumb Code     0  llushr.o(.text)
    __decompress                             0x08003ecb   Thumb Code     0  __dczerorl2.o(.text)
    __decompress1                            0x08003ecb   Thumb Code    86  __dczerorl2.o(.text)
    __0printf$5                              0x08003f21   Thumb Code    24  printf5.o(i.__0printf$5)
    __1printf$5                              0x08003f21   Thumb Code     0  printf5.o(i.__0printf$5)
    __2printf                                0x08003f21   Thumb Code     0  printf5.o(i.__0printf$5)
    __ARM_clz                                0x08003f41   Thumb Code    46  depilogue.o(i.__ARM_clz)
    __scatterload_copy                       0x08003f6f   Thumb Code    14  handlers.o(i.__scatterload_copy)
    __scatterload_null                       0x08003f7d   Thumb Code     2  handlers.o(i.__scatterload_null)
    __scatterload_zeroinit                   0x08003f7f   Thumb Code    14  handlers.o(i.__scatterload_zeroinit)
    NTCTemp1039                              0x08004268   Data         120  main.o(.constdata)
    Tobj18                                   0x080042e0   Data         444  main.o(.constdata)
    asc2_1608                                0x0800449c   Data        1520  oled.o(.constdata)
    asc2_12864                               0x08004a8c   Data       15360  oled.o(.constdata)
    char4824                                 0x0800868c   Data         864  oled.o(.constdata)
    asc2_3216                                0x080089ec   Data         256  oled.o(.constdata)
    image                                    0x08008aec   Data        3200  oled.o(.constdata)
    buzzer                                   0x0800976c   Data         155  oled.o(.constdata)
    Region$$Table$$Base                      0x08009808   Number         0  anon$$obj.o(Region$$Table)
    Region$$Table$$Limit                     0x08009828   Number         0  anon$$obj.o(Region$$Table)
    __stdout                                 0x20000004   Data           4  usart1.o(.data)
    BuzzerDriveCount                         0x20000008   Data           1  tim3.o(.data)
    PrescalerValue                           0x2000000a   Data           2  tim3.o(.data)
    PoweroffCount                            0x2000000c   Data           2  tim3.o(.data)
    UsCount                                  0x2000000e   Data           2  tim3.o(.data)
    BuzzerCount                              0x20000010   Data           2  tim3.o(.data)
    AD_Res_Last                              0x20000014   Data           4  cs1237.o(.data)
    ref                                      0x20000018   Data           1  oled.o(.data)
    BACK_COLOR                               0x2000001c   Data           4  oled.o(.data)
    POINT_COLOR                              0x20000020   Data           4  oled.o(.data)
    hanzi                                    0x20000024   Data         640  oled.o(.data)
    SystemCoreClock                          0x200002b4   Data           4  system_stm32f0xx.o(.data)
    AHBPrescTable                            0x200002b8   Data          16  system_stm32f0xx.o(.data)
    __initial_sp                             0x200006c8   Data           0  startup_stm32f030.o(STACK)



==============================================================================

Memory Map of the image

  Image Entry point : 0x080000b5

  Load Region LR_IROM1 (Base: 0x08000000, Size: 0x00009af0, Max: 0x00010000, ABSOLUTE, COMPRESSED[0x0000994c])

    Execution Region ER_IROM1 (Exec base: 0x08000000, Load base: 0x08000000, Size: 0x00009828, Max: 0x00010000, ABSOLUTE)

    Exec Addr    Load Addr    Size         Type   Attr      Idx    E Section Name        Object

    0x08000000   0x08000000   0x000000b4   Data   RO          643    RESET               startup_stm32f030.o
    0x080000b4   0x080000b4   0x00000000   Code   RO          648  * .ARM.Collect$$$$00000000  mc_p.l(entry.o)
    0x080000b4   0x080000b4   0x00000004   Code   RO          934    .ARM.Collect$$$$00000001  mc_p.l(entry2.o)
    0x080000b8   0x080000b8   0x00000004   Code   RO          937    .ARM.Collect$$$$00000004  mc_p.l(entry5.o)
    0x080000bc   0x080000bc   0x00000000   Code   RO          939    .ARM.Collect$$$$00000008  mc_p.l(entry7b.o)
    0x080000bc   0x080000bc   0x00000000   Code   RO          941    .ARM.Collect$$$$0000000A  mc_p.l(entry8b.o)
    0x080000bc   0x080000bc   0x00000008   Code   RO          942    .ARM.Collect$$$$0000000B  mc_p.l(entry9a.o)
    0x080000c4   0x080000c4   0x00000000   Code   RO          944    .ARM.Collect$$$$0000000D  mc_p.l(entry10a.o)
    0x080000c4   0x080000c4   0x00000000   Code   RO          946    .ARM.Collect$$$$0000000F  mc_p.l(entry11a.o)
    0x080000c4   0x080000c4   0x00000004   Code   RO          935    .ARM.Collect$$$$00002712  mc_p.l(entry2.o)
    0x080000c8   0x080000c8   0x0000052c   Code   RO            3    .text               main.o
    0x080005f4   0x080005f4   0x0000000a   Code   RO          158    .text               stm32f0xx_it.o
    0x080005fe   0x080005fe   0x00000002   PAD
    0x08000600   0x08000600   0x0000008c   Code   RO          184    .text               delay.o
    0x0800068c   0x0800068c   0x000000d0   Code   RO          230    .text               usart1.o
    0x0800075c   0x0800075c   0x000000f0   Code   RO          257    .text               adc.o
    0x0800084c   0x0800084c   0x000000f0   Code   RO          278    .text               tim3.o
    0x0800093c   0x0800093c   0x000008e0   Code   RO          308    .text               cs1237.o
    0x0800121c   0x0800121c   0x00000d98   Code   RO          407    .text               oled.o
    0x08001fb4   0x08001fb4   0x0000022c   Code   RO          454    .text               stm32f0xx_adc.o
    0x080021e0   0x080021e0   0x0000016c   Code   RO          474    .text               stm32f0xx_gpio.o
    0x0800234c   0x0800234c   0x000004ec   Code   RO          494    .text               stm32f0xx_rcc.o
    0x08002838   0x08002838   0x000004c0   Code   RO          516    .text               stm32f0xx_usart.o
    0x08002cf8   0x08002cf8   0x0000007c   Code   RO          536    .text               stm32f0xx_misc.o
    0x08002d74   0x08002d74   0x0000093c   Code   RO          576    .text               stm32f0xx_tim.o
    0x080036b0   0x080036b0   0x00000154   Code   RO          617    .text               system_stm32f0xx.o
    0x08003804   0x08003804   0x00000058   Code   RO          644    .text               startup_stm32f030.o
    0x0800385c   0x0800385c   0x0000002c   Code   RO          651    .text               mc_p.l(uidiv.o)
    0x08003888   0x08003888   0x0000007a   Code   RO          914    .text               mf_p.l(fmul.o)
    0x08003902   0x08003902   0x0000007c   Code   RO          916    .text               mf_p.l(fdiv.o)
    0x0800397e   0x0800397e   0x00000002   PAD
    0x08003980   0x08003980   0x00000164   Code   RO          918    .text               mf_p.l(dadd.o)
    0x08003ae4   0x08003ae4   0x000000d0   Code   RO          920    .text               mf_p.l(dmul.o)
    0x08003bb4   0x08003bb4   0x0000000e   Code   RO          922    .text               mf_p.l(ffltui.o)
    0x08003bc2   0x08003bc2   0x00000028   Code   RO          924    .text               mf_p.l(ffixui.o)
    0x08003bea   0x08003bea   0x00000028   Code   RO          926    .text               mf_p.l(f2d.o)
    0x08003c12   0x08003c12   0x00000002   PAD
    0x08003c14   0x08003c14   0x00000028   Code   RO          928    .text               mf_p.l(cdcmple.o)
    0x08003c3c   0x08003c3c   0x00000028   Code   RO          930    .text               mf_p.l(cdrcmple.o)
    0x08003c64   0x08003c64   0x00000038   Code   RO          932    .text               mf_p.l(d2f.o)
    0x08003c9c   0x08003c9c   0x00000060   Code   RO          948    .text               mc_p.l(uldiv.o)
    0x08003cfc   0x08003cfc   0x00000020   Code   RO          950    .text               mc_p.l(llshl.o)
    0x08003d1c   0x08003d1c   0x00000026   Code   RO          952    .text               mc_p.l(llsshr.o)
    0x08003d42   0x08003d42   0x00000000   Code   RO          954    .text               mc_p.l(iusefp.o)
    0x08003d42   0x08003d42   0x00000082   Code   RO          955    .text               mf_p.l(fepilogue.o)
    0x08003dc4   0x08003dc4   0x000000be   Code   RO          957    .text               mf_p.l(depilogue.o)
    0x08003e82   0x08003e82   0x00000002   PAD
    0x08003e84   0x08003e84   0x00000024   Code   RO          965    .text               mc_p.l(init.o)
    0x08003ea8   0x08003ea8   0x00000022   Code   RO          967    .text               mc_p.l(llushr.o)
    0x08003eca   0x08003eca   0x00000056   Code   RO          977    .text               mc_p.l(__dczerorl2.o)
    0x08003f20   0x08003f20   0x00000020   Code   RO          786    i.__0printf$5       mc_p.l(printf5.o)
    0x08003f40   0x08003f40   0x0000002e   Code   RO          959    i.__ARM_clz         mf_p.l(depilogue.o)
    0x08003f6e   0x08003f6e   0x0000000e   Code   RO          971    i.__scatterload_copy  mc_p.l(handlers.o)
    0x08003f7c   0x08003f7c   0x00000002   Code   RO          972    i.__scatterload_null  mc_p.l(handlers.o)
    0x08003f7e   0x08003f7e   0x0000000e   Code   RO          973    i.__scatterload_zeroinit  mc_p.l(handlers.o)
    0x08003f8c   0x08003f8c   0x000002dc   Code   RO          793    i._printf_core      mc_p.l(printf5.o)
    0x08004268   0x08004268   0x00000234   Data   RO            4    .constdata          main.o
    0x0800449c   0x0800449c   0x0000536b   Data   RO          408    .constdata          oled.o
    0x08009807   0x08009807   0x00000001   PAD
    0x08009808   0x08009808   0x00000020   Data   RO          969    Region$$Table       anon$$obj.o


    Execution Region RW_IRAM1 (Exec base: 0x20000000, Load base: 0x08009828, Size: 0x000006c8, Max: 0x00002000, ABSOLUTE, COMPRESSED[0x00000124])

    Exec Addr    Load Addr    Size         Type   Attr      Idx    E Section Name        Object

    0x20000000   COMPRESSED   0x00000004   Data   RW          185    .data               delay.o
    0x20000004   COMPRESSED   0x00000004   Data   RW          231    .data               usart1.o
    0x20000008   COMPRESSED   0x0000000a   Data   RW          283    .data               tim3.o
    0x20000012   COMPRESSED   0x00000002   PAD
    0x20000014   COMPRESSED   0x00000004   Data   RW          309    .data               cs1237.o
    0x20000018   COMPRESSED   0x0000028c   Data   RW          410    .data               oled.o
    0x200002a4   COMPRESSED   0x00000010   Data   RW          495    .data               stm32f0xx_rcc.o
    0x200002b4   COMPRESSED   0x00000014   Data   RW          618    .data               system_stm32f0xx.o
    0x200002c8        -       0x00000400   Zero   RW          641    STACK               startup_stm32f030.o


==============================================================================

Image component sizes


      Code (inc. data)   RO Data    RW Data    ZI Data      Debug   Object Name

       240          4          0          0          0       1671   adc.o
      2272        130          0          4          0       3679   cs1237.o
       140         16          0          4          0       1023   delay.o
      1324        172        564          0          0     221420   main.o
      3480         78      21355        652          0      14785   oled.o
        88         38        180          0       1024        668   startup_stm32f030.o
       556         12          0          0          0       7395   stm32f0xx_adc.o
       364         26          0          0          0       3925   stm32f0xx_gpio.o
        10          0          0          0          0        771   stm32f0xx_it.o
       124         16          0          0          0       1452   stm32f0xx_misc.o
      1260         46          0         16          0       9508   stm32f0xx_rcc.o
      2364        120          0          0          0      22659   stm32f0xx_tim.o
      1216         40          0          0          0      12534   stm32f0xx_usart.o
       340         30          0         20          0       1811   system_stm32f0xx.o
       240         20          0         10          0       1653   tim3.o
       208          8          0          4          0       2786   usart1.o

    ----------------------------------------------------------------------
     14228        756      22132        712       1024     307740   Object Totals
         0          0         32          0          0          0   (incl. Generated)
         2          0          1          2          0          0   (incl. Padding)

    ----------------------------------------------------------------------

      Code (inc. data)   RO Data    RW Data    ZI Data      Debug   Library Member Name

        86          0          0          0          0          0   __dczerorl2.o
         0          0          0          0          0          0   entry.o
         0          0          0          0          0          0   entry10a.o
         0          0          0          0          0          0   entry11a.o
         8          4          0          0          0          0   entry2.o
         4          0          0          0          0          0   entry5.o
         0          0          0          0          0          0   entry7b.o
         0          0          0          0          0          0   entry8b.o
         8          4          0          0          0          0   entry9a.o
        30          0          0          0          0          0   handlers.o
        36          8          0          0          0         68   init.o
         0          0          0          0          0          0   iusefp.o
        32          0          0          0          0         68   llshl.o
        38          0          0          0          0         68   llsshr.o
        34          0          0          0          0         68   llushr.o
       764         52          0          0          0        168   printf5.o
        44          0          0          0          0         72   uidiv.o
        96          0          0          0          0         84   uldiv.o
        40          2          0          0          0         68   cdcmple.o
        40          2          0          0          0         68   cdrcmple.o
        56          0          0          0          0         68   d2f.o
       356          4          0          0          0        140   dadd.o
       236          0          0          0          0        216   depilogue.o
       208          6          0          0          0         88   dmul.o
        40          0          0          0          0         60   f2d.o
       124          0          0          0          0         72   fdiv.o
       130          0          0          0          0        144   fepilogue.o
        40          0          0          0          0         60   ffixui.o
        14          0          0          0          0         68   ffltui.o
       122          0          0          0          0         72   fmul.o

    ----------------------------------------------------------------------
      2592         82          0          0          0       1720   Library Totals
         6          0          0          0          0          0   (incl. Padding)

    ----------------------------------------------------------------------

      Code (inc. data)   RO Data    RW Data    ZI Data      Debug   Library Name

      1180         68          0          0          0        596   mc_p.l
      1406         14          0          0          0       1124   mf_p.l

    ----------------------------------------------------------------------
      2592         82          0          0          0       1720   Library Totals

    ----------------------------------------------------------------------

==============================================================================


      Code (inc. data)   RO Data    RW Data    ZI Data      Debug   

     16820        838      22132        712       1024     307204   Grand Totals
     16820        838      22132        292       1024     307204   ELF Image Totals (compressed)
     16820        838      22132        292          0          0   ROM Totals

==============================================================================

    Total RO  Size (Code + RO Data)                38952 (  38.04kB)
    Total RW  Size (RW Data + ZI Data)              1736 (   1.70kB)
    Total ROM Size (Code + RO Data + RW Data)      39244 (  38.32kB)

==============================================================================

